Component: ARM Compiler 6.13.1 Tool: armlink [5d895400]

==============================================================================

Section Cross References

    startup_stm32l011xx.o(RESET) refers to startup_stm32l011xx.o(STACK) for __initial_sp
    startup_stm32l011xx.o(RESET) refers to startup_stm32l011xx.o(.text) for Reset_Handler
    startup_stm32l011xx.o(RESET) refers to stm32l0xx_it.o(.text.NMI_Handler) for NMI_Handler
    startup_stm32l011xx.o(RESET) refers to stm32l0xx_it.o(.text.HardFault_Handler) for HardFault_Handler
    startup_stm32l011xx.o(RESET) refers to stm32l0xx_it.o(.text.SVC_Handler) for SVC_Handler
    startup_stm32l011xx.o(RESET) refers to stm32l0xx_it.o(.text.PendSV_Handler) for PendSV_Handler
    startup_stm32l011xx.o(RESET) refers to stm32l0xx_it.o(.text.SysTick_Handler) for SysTick_Handler
    startup_stm32l011xx.o(RESET) refers to stm32l0xx_it.o(.text.USART2_IRQHandler) for USART2_IRQHandler
    startup_stm32l011xx.o(RESET) refers to stm32l0xx_it.o(.text.LPUART1_IRQHandler) for LPUART1_IRQHandler
    startup_stm32l011xx.o(.text) refers to startup_stm32l011xx.o(STACK) for __initial_sp
    startup_stm32l011xx.o(.text) refers to system_stm32l0xx.o(.text.SystemInit) for SystemInit
    startup_stm32l011xx.o(.text) refers to entry.o(.ARM.Collect$$$$00000000) for __main
    main.o(.text.main) refers to stm32l0xx_hal.o(.text.HAL_Init) for HAL_Init
    main.o(.text.main) refers to main.o(.text.SystemClock_Config) for SystemClock_Config
    main.o(.text.main) refers to stm32l0xx_hal_uart.o(.text.HAL_UART_Init) for HAL_UART_Init
    main.o(.text.main) refers to stm32l0xx_hal_tim.o(.text.HAL_TIM_Base_Init) for HAL_TIM_Base_Init
    main.o(.text.main) refers to stm32l0xx_hal_tim.o(.text.HAL_TIM_ConfigClockSource) for HAL_TIM_ConfigClockSource
    main.o(.text.main) refers to stm32l0xx_hal_tim_ex.o(.text.HAL_TIMEx_MasterConfigSynchronization) for HAL_TIMEx_MasterConfigSynchronization
    main.o(.text.main) refers to main.o(.text.get_presets) for get_presets
    main.o(.text.main) refers to main.o(.text.get_limits) for get_limits
    main.o(.text.main) refers to stm32l0xx_hal_uart.o(.text.HAL_UART_Receive_IT) for HAL_UART_Receive_IT
    main.o(.text.main) refers to main.o(.text.selfTest) for selfTest
    main.o(.text.main) refers to main.o(.text.PERFORM_TASK) for PERFORM_TASK
    main.o(.text.main) refers to stm32l0xx_hal_gpio.o(.text.HAL_GPIO_WritePin) for HAL_GPIO_WritePin
    main.o(.text.main) refers to stm32l0xx_hal_gpio.o(.text.HAL_GPIO_Init) for HAL_GPIO_Init
    main.o(.text.main) refers to main.o(.bss.hlpuart1) for hlpuart1
    main.o(.text.main) refers to main.o(.bss.huart2) for huart2
    main.o(.text.main) refers to main.o(.bss..L_MergedGlobals.1) for [Anonymous Symbol]
    main.o(.text.main) refers to main.o(.bss.counter_main) for counter_main
    main.o(.text.main) refers to main.o(.bss.counter_main_1) for counter_main_1
    main.o(.ARM.exidx.text.main) refers to main.o(.text.main) for [Anonymous Symbol]
    main.o(.text.SystemClock_Config) refers to memseta.o(.text) for __aeabi_memclr4
    main.o(.text.SystemClock_Config) refers to stm32l0xx_hal_rcc.o(.text.HAL_RCC_OscConfig) for HAL_RCC_OscConfig
    main.o(.text.SystemClock_Config) refers to stm32l0xx_hal_rcc.o(.text.HAL_RCC_ClockConfig) for HAL_RCC_ClockConfig
    main.o(.text.SystemClock_Config) refers to stm32l0xx_hal_rcc_ex.o(.text.HAL_RCCEx_PeriphCLKConfig) for HAL_RCCEx_PeriphCLKConfig
    main.o(.ARM.exidx.text.SystemClock_Config) refers to main.o(.text.SystemClock_Config) for [Anonymous Symbol]
    main.o(.text.get_presets) refers to main.o(.bss.counter_main_1) for counter_main_1
    main.o(.text.get_presets) refers to main.o(.bss.counter_main) for counter_main
    main.o(.ARM.exidx.text.get_presets) refers to main.o(.text.get_presets) for [Anonymous Symbol]
    main.o(.text.get_limits) refers to main.o(.bss..L_MergedGlobals.1) for [Anonymous Symbol]
    main.o(.ARM.exidx.text.get_limits) refers to main.o(.text.get_limits) for [Anonymous Symbol]
    main.o(.text.selfTest) refers to stm32l0xx_hal_gpio.o(.text.HAL_GPIO_WritePin) for HAL_GPIO_WritePin
    main.o(.text.selfTest) refers to stm32l0xx_hal_gpio.o(.text.HAL_GPIO_ReadPin) for HAL_GPIO_ReadPin
    main.o(.text.selfTest) refers to main.o(.text.setSpeed) for setSpeed
    main.o(.text.selfTest) refers to main.o(.text.stepsNew) for stepsNew
    main.o(.text.selfTest) refers to stm32l0xx_hal.o(.text.HAL_Delay) for HAL_Delay
    main.o(.text.selfTest) refers to main.o(.bss..L_MergedGlobals.1) for [Anonymous Symbol]
    main.o(.text.selfTest) refers to main.o(.data..L_MergedGlobals) for [Anonymous Symbol]
    main.o(.ARM.exidx.text.selfTest) refers to main.o(.text.selfTest) for [Anonymous Symbol]
    main.o(.text.PERFORM_TASK) refers to main.o(.data..L_MergedGlobals) for [Anonymous Symbol]
    main.o(.text.PERFORM_TASK) refers to stm32l0xx_hal_gpio.o(.text.HAL_GPIO_ReadPin) for HAL_GPIO_ReadPin
[...]
    Removing stm32l0xx_hal_flash_ex.o(.ARM.exidx.text.FLASH_OB_ProtectedSectorsConfig), (8 bytes).
    Removing stm32l0xx_hal_flash_ex.o(.text.HAL_FLASHEx_OBGetConfig), (68 bytes).
    Removing stm32l0xx_hal_flash_ex.o(.ARM.exidx.text.HAL_FLASHEx_OBGetConfig), (8 bytes).
    Removing stm32l0xx_hal_flash_ex.o(.text.HAL_FLASHEx_AdvOBProgram), (22 bytes).
    Removing stm32l0xx_hal_flash_ex.o(.ARM.exidx.text.HAL_FLASHEx_AdvOBProgram), (8 bytes).
    Removing stm32l0xx_hal_flash_ex.o(.text.HAL_FLASHEx_AdvOBGetConfig), (24 bytes).
    Removing stm32l0xx_hal_flash_ex.o(.ARM.exidx.text.HAL_FLASHEx_AdvOBGetConfig), (8 bytes).
    Removing stm32l0xx_hal_flash_ex.o(.text.HAL_FLASHEx_OB_SelectPCROP), (60 bytes).
    Removing stm32l0xx_hal_flash_ex.o(.ARM.exidx.text.HAL_FLASHEx_OB_SelectPCROP), (8 bytes).
    Removing stm32l0xx_hal_flash_ex.o(.text.HAL_FLASHEx_OB_DeSelectPCROP), (60 bytes).
    Removing stm32l0xx_hal_flash_ex.o(.ARM.exidx.text.HAL_FLASHEx_OB_DeSelectPCROP), (8 bytes).
    Removing stm32l0xx_hal_flash_ex.o(.text.HAL_FLASHEx_DATAEEPROM_Unlock), (52 bytes).
    Removing stm32l0xx_hal_flash_ex.o(.ARM.exidx.text.HAL_FLASHEx_DATAEEPROM_Unlock), (8 bytes).
    Removing stm32l0xx_hal_flash_ex.o(.text.HAL_FLASHEx_DATAEEPROM_Lock), (20 bytes).
    Removing stm32l0xx_hal_flash_ex.o(.ARM.exidx.text.HAL_FLASHEx_DATAEEPROM_Lock), (8 bytes).
    Removing stm32l0xx_hal_flash_ex.o(.text.HAL_FLASHEx_DATAEEPROM_Erase), (44 bytes).
    Removing stm32l0xx_hal_flash_ex.o(.ARM.exidx.text.HAL_FLASHEx_DATAEEPROM_Erase), (8 bytes).
    Removing stm32l0xx_hal_flash_ex.o(.text.HAL_FLASHEx_DATAEEPROM_Program), (88 bytes).
    Removing stm32l0xx_hal_flash_ex.o(.ARM.exidx.text.HAL_FLASHEx_DATAEEPROM_Program), (8 bytes).
    Removing stm32l0xx_hal_flash_ex.o(.text.HAL_FLASHEx_DATAEEPROM_EnableFixedTimeProgram), (20 bytes).
    Removing stm32l0xx_hal_flash_ex.o(.ARM.exidx.text.HAL_FLASHEx_DATAEEPROM_EnableFixedTimeProgram), (8 bytes).
    Removing stm32l0xx_hal_flash_ex.o(.text.HAL_FLASHEx_DATAEEPROM_DisableFixedTimeProgram), (20 bytes).
    Removing stm32l0xx_hal_flash_ex.o(.ARM.exidx.text.HAL_FLASHEx_DATAEEPROM_DisableFixedTimeProgram), (8 bytes).
    Removing stm32l0xx_hal_gpio.o(.text), (0 bytes).
    Removing stm32l0xx_hal_gpio.o(.ARM.exidx.text.HAL_GPIO_Init), (8 bytes).
    Removing stm32l0xx_hal_gpio.o(.text.HAL_GPIO_DeInit), (228 bytes).
    Removing stm32l0xx_hal_gpio.o(.ARM.exidx.text.HAL_GPIO_DeInit), (8 bytes).
    Removing stm32l0xx_hal_gpio.o(.ARM.exidx.text.HAL_GPIO_ReadPin), (8 bytes).
    Removing stm32l0xx_hal_gpio.o(.ARM.exidx.text.HAL_GPIO_WritePin), (8 bytes).
    Removing stm32l0xx_hal_gpio.o(.text.HAL_GPIO_TogglePin), (16 bytes).
    Removing stm32l0xx_hal_gpio.o(.ARM.exidx.text.HAL_GPIO_TogglePin), (8 bytes).
    Removing stm32l0xx_hal_gpio.o(.text.HAL_GPIO_LockPin), (40 bytes).
    Removing stm32l0xx_hal_gpio.o(.ARM.exidx.text.HAL_GPIO_LockPin), (8 bytes).
    Removing stm32l0xx_hal_gpio.o(.text.HAL_GPIO_EXTI_IRQHandler), (24 bytes).
    Removing stm32l0xx_hal_gpio.o(.ARM.exidx.text.HAL_GPIO_EXTI_IRQHandler), (8 bytes).
    Removing stm32l0xx_hal_gpio.o(.text.HAL_GPIO_EXTI_Callback), (2 bytes).
    Removing stm32l0xx_hal_gpio.o(.ARM.exidx.text.HAL_GPIO_EXTI_Callback), (8 bytes).
    Removing stm32l0xx_hal_dma.o(.text), (0 bytes).
    Removing stm32l0xx_hal_dma.o(.text.HAL_DMA_Init), (160 bytes).
    Removing stm32l0xx_hal_dma.o(.ARM.exidx.text.HAL_DMA_Init), (8 bytes).
    Removing stm32l0xx_hal_dma.o(.text.HAL_DMA_DeInit), (100 bytes).
    Removing stm32l0xx_hal_dma.o(.ARM.exidx.text.HAL_DMA_DeInit), (8 bytes).
    Removing stm32l0xx_hal_dma.o(.text.HAL_DMA_Start), (68 bytes).
    Removing stm32l0xx_hal_dma.o(.ARM.exidx.text.HAL_DMA_Start), (8 bytes).
    Removing stm32l0xx_hal_dma.o(.text.DMA_SetConfig), (42 bytes).
    Removing stm32l0xx_hal_dma.o(.ARM.exidx.text.DMA_SetConfig), (8 bytes).
    Removing stm32l0xx_hal_dma.o(.text.HAL_DMA_Start_IT), (94 bytes).
    Removing stm32l0xx_hal_dma.o(.ARM.exidx.text.HAL_DMA_Start_IT), (8 bytes).
    Removing stm32l0xx_hal_dma.o(.text.HAL_DMA_Abort), (64 bytes).
    Removing stm32l0xx_hal_dma.o(.ARM.exidx.text.HAL_DMA_Abort), (8 bytes).
    Removing stm32l0xx_hal_dma.o(.ARM.exidx.text.HAL_DMA_Abort_IT), (8 bytes).
    Removing stm32l0xx_hal_dma.o(.text.HAL_DMA_PollForTransfer), (188 bytes).
    Removing stm32l0xx_hal_dma.o(.ARM.exidx.text.HAL_DMA_PollForTransfer), (8 bytes).
    Removing stm32l0xx_hal_dma.o(.text.HAL_DMA_IRQHandler), (150 bytes).
    Removing stm32l0xx_hal_dma.o(.ARM.exidx.text.HAL_DMA_IRQHandler), (8 bytes).
    Removing stm32l0xx_hal_dma.o(.text.HAL_DMA_RegisterCallback), (70 bytes).
    Removing stm32l0xx_hal_dma.o(.ARM.exidx.text.HAL_DMA_RegisterCallback), (8 bytes).
    Removing stm32l0xx_hal_dma.o(.text.HAL_DMA_UnRegisterCallback), (88 bytes).
    Removing stm32l0xx_hal_dma.o(.ARM.exidx.text.HAL_DMA_UnRegisterCallback), (8 bytes).
    Removing stm32l0xx_hal_dma.o(.text.HAL_DMA_GetState), (6 bytes).
    Removing stm32l0xx_hal_dma.o(.ARM.exidx.text.HAL_DMA_GetState), (8 bytes).
    Removing stm32l0xx_hal_dma.o(.text.HAL_DMA_GetError), (4 bytes).
    Removing stm32l0xx_hal_dma.o(.ARM.exidx.text.HAL_DMA_GetError), (8 bytes).
    Removing stm32l0xx_hal_pwr.o(.text), (0 bytes).
    Removing stm32l0xx_hal_pwr.o(.text.HAL_PWR_DeInit), (24 bytes).
    Removing stm32l0xx_hal_pwr.o(.ARM.exidx.text.HAL_PWR_DeInit), (8 bytes).
    Removing stm32l0xx_hal_pwr.o(.text.HAL_PWR_EnableBkUpAccess), (20 bytes).
    Removing stm32l0xx_hal_pwr.o(.ARM.exidx.text.HAL_PWR_EnableBkUpAccess), (8 bytes).
    Removing stm32l0xx_hal_pwr.o(.text.HAL_PWR_DisableBkUpAccess), (20 bytes).
    Removing stm32l0xx_hal_pwr.o(.ARM.exidx.text.HAL_PWR_DisableBkUpAccess), (8 bytes).
    Removing stm32l0xx_hal_pwr.o(.text.HAL_PWR_ConfigPVD), (104 bytes).
    Removing stm32l0xx_hal_pwr.o(.ARM.exidx.text.HAL_PWR_ConfigPVD), (8 bytes).
    Removing stm32l0xx_hal_pwr.o(.text.HAL_PWR_EnablePVD), (16 bytes).
    Removing stm32l0xx_hal_pwr.o(.ARM.exidx.text.HAL_PWR_EnablePVD), (8 bytes).
    Removing stm32l0xx_hal_pwr.o(.text.HAL_PWR_DisablePVD), (16 bytes).
    Removing stm32l0xx_hal_pwr.o(.ARM.exidx.text.HAL_PWR_DisablePVD), (8 bytes).
    Removing stm32l0xx_hal_pwr.o(.text.HAL_PWR_EnableWakeUpPin), (16 bytes).
    Removing stm32l0xx_hal_pwr.o(.ARM.exidx.text.HAL_PWR_EnableWakeUpPin), (8 bytes).
    Removing stm32l0xx_hal_pwr.o(.text.HAL_PWR_DisableWakeUpPin), (16 bytes).
    Removing stm32l0xx_hal_pwr.o(.ARM.exidx.text.HAL_PWR_DisableWakeUpPin), (8 bytes).
    Removing stm32l0xx_hal_pwr.o(.text.HAL_PWR_EnterSLEEPMode), (52 bytes).
    Removing stm32l0xx_hal_pwr.o(.ARM.exidx.text.HAL_PWR_EnterSLEEPMode), (8 bytes).
    Removing stm32l0xx_hal_pwr.o(.text.HAL_PWR_EnterSTOPMode), (56 bytes).
    Removing stm32l0xx_hal_pwr.o(.ARM.exidx.text.HAL_PWR_EnterSTOPMode), (8 bytes).
    Removing stm32l0xx_hal_pwr.o(.text.HAL_PWR_EnterSTANDBYMode), (32 bytes).
    Removing stm32l0xx_hal_pwr.o(.ARM.exidx.text.HAL_PWR_EnterSTANDBYMode), (8 bytes).
    Removing stm32l0xx_hal_pwr.o(.text.HAL_PWR_EnableSleepOnExit), (16 bytes).
    Removing stm32l0xx_hal_pwr.o(.ARM.exidx.text.HAL_PWR_EnableSleepOnExit), (8 bytes).
    Removing stm32l0xx_hal_pwr.o(.text.HAL_PWR_DisableSleepOnExit), (16 bytes).
    Removing stm32l0xx_hal_pwr.o(.ARM.exidx.text.HAL_PWR_DisableSleepOnExit), (8 bytes).
    Removing stm32l0xx_hal_pwr.o(.text.HAL_PWR_EnableSEVOnPend), (16 bytes).
    Removing stm32l0xx_hal_pwr.o(.ARM.exidx.text.HAL_PWR_EnableSEVOnPend), (8 bytes).
    Removing stm32l0xx_hal_pwr.o(.text.HAL_PWR_DisableSEVOnPend), (16 bytes).
    Removing stm32l0xx_hal_pwr.o(.ARM.exidx.text.HAL_PWR_DisableSEVOnPend), (8 bytes).
    Removing stm32l0xx_hal_pwr.o(.text.HAL_PWR_PVD_IRQHandler), (28 bytes).
    Removing stm32l0xx_hal_pwr.o(.ARM.exidx.text.HAL_PWR_PVD_IRQHandler), (8 bytes).
    Removing stm32l0xx_hal_pwr.o(.text.HAL_PWR_PVDCallback), (2 bytes).
    Removing stm32l0xx_hal_pwr.o(.ARM.exidx.text.HAL_PWR_PVDCallback), (8 bytes).
    Removing stm32l0xx_hal_pwr_ex.o(.text), (0 bytes).
    Removing stm32l0xx_hal_pwr_ex.o(.text.HAL_PWREx_GetVoltageRange), (16 bytes).
    Removing stm32l0xx_hal_pwr_ex.o(.ARM.exidx.text.HAL_PWREx_GetVoltageRange), (8 bytes).
    Removing stm32l0xx_hal_pwr_ex.o(.text.HAL_PWREx_EnableFastWakeUp), (20 bytes).
    Removing stm32l0xx_hal_pwr_ex.o(.ARM.exidx.text.HAL_PWREx_EnableFastWakeUp), (8 bytes).
    Removing stm32l0xx_hal_pwr_ex.o(.text.HAL_PWREx_DisableFastWakeUp), (20 bytes).
    Removing stm32l0xx_hal_pwr_ex.o(.ARM.exidx.text.HAL_PWREx_DisableFastWakeUp), (8 bytes).
    Removing stm32l0xx_hal_pwr_ex.o(.text.HAL_PWREx_EnableUltraLowPower), (20 bytes).
    Removing stm32l0xx_hal_pwr_ex.o(.ARM.exidx.text.HAL_PWREx_EnableUltraLowPower), (8 bytes).
    Removing stm32l0xx_hal_pwr_ex.o(.text.HAL_PWREx_DisableUltraLowPower), (20 bytes).
    Removing stm32l0xx_hal_pwr_ex.o(.ARM.exidx.text.HAL_PWREx_DisableUltraLowPower), (8 bytes).
    Removing stm32l0xx_hal_pwr_ex.o(.text.HAL_PWREx_EnableLowPowerRunMode), (24 bytes).
    Removing stm32l0xx_hal_pwr_ex.o(.ARM.exidx.text.HAL_PWREx_EnableLowPowerRunMode), (8 bytes).
    Removing stm32l0xx_hal_pwr_ex.o(.text.HAL_PWREx_DisableLowPowerRunMode), (72 bytes).
    Removing stm32l0xx_hal_pwr_ex.o(.ARM.exidx.text.HAL_PWREx_DisableLowPowerRunMode), (8 bytes).
    Removing stm32l0xx_hal_cortex.o(.text), (0 bytes).
    Removing stm32l0xx_hal_cortex.o(.ARM.exidx.text.HAL_NVIC_SetPriority), (8 bytes).
    Removing stm32l0xx_hal_cortex.o(.ARM.exidx.text.NVIC_SetPriority), (8 bytes).
    Removing stm32l0xx_hal_cortex.o(.ARM.exidx.text.HAL_NVIC_EnableIRQ), (8 bytes).
    Removing stm32l0xx_hal_cortex.o(.text.HAL_NVIC_DisableIRQ), (20 bytes).
    Removing stm32l0xx_hal_cortex.o(.ARM.exidx.text.HAL_NVIC_DisableIRQ), (8 bytes).
    Removing stm32l0xx_hal_cortex.o(.text.HAL_NVIC_SystemReset), (4 bytes).
    Removing stm32l0xx_hal_cortex.o(.ARM.exidx.text.HAL_NVIC_SystemReset), (8 bytes).
    Removing stm32l0xx_hal_cortex.o(.text.NVIC_SystemReset), (28 bytes).
    Removing stm32l0xx_hal_cortex.o(.ARM.exidx.text.NVIC_SystemReset), (8 bytes).
    Removing stm32l0xx_hal_cortex.o(.ARM.exidx.text.HAL_SYSTICK_Config), (8 bytes).
    Removing stm32l0xx_hal_cortex.o(.text.HAL_NVIC_GetPriority), (52 bytes).
    Removing stm32l0xx_hal_cortex.o(.ARM.exidx.text.HAL_NVIC_GetPriority), (8 bytes).
    Removing stm32l0xx_hal_cortex.o(.text.HAL_NVIC_SetPendingIRQ), (20 bytes).
    Removing stm32l0xx_hal_cortex.o(.ARM.exidx.text.HAL_NVIC_SetPendingIRQ), (8 bytes).
    Removing stm32l0xx_hal_cortex.o(.text.HAL_NVIC_GetPendingIRQ), (20 bytes).
    Removing stm32l0xx_hal_cortex.o(.ARM.exidx.text.HAL_NVIC_GetPendingIRQ), (8 bytes).
    Removing stm32l0xx_hal_cortex.o(.text.HAL_NVIC_ClearPendingIRQ), (20 bytes).
    Removing stm32l0xx_hal_cortex.o(.ARM.exidx.text.HAL_NVIC_ClearPendingIRQ), (8 bytes).
    Removing stm32l0xx_hal_cortex.o(.text.HAL_SYSTICK_CLKSourceConfig), (24 bytes).
    Removing stm32l0xx_hal_cortex.o(.ARM.exidx.text.HAL_SYSTICK_CLKSourceConfig), (8 bytes).
    Removing stm32l0xx_hal_cortex.o(.text.HAL_SYSTICK_IRQHandler), (8 bytes).
    Removing stm32l0xx_hal_cortex.o(.ARM.exidx.text.HAL_SYSTICK_IRQHandler), (8 bytes).
    Removing stm32l0xx_hal_cortex.o(.text.HAL_SYSTICK_Callback), (2 bytes).
    Removing stm32l0xx_hal_cortex.o(.ARM.exidx.text.HAL_SYSTICK_Callback), (8 bytes).
    Removing stm32l0xx_hal_tim.o(.text), (0 bytes).
    Removing stm32l0xx_hal_tim.o(.ARM.exidx.text.HAL_TIM_Base_Init), (8 bytes).
    Removing stm32l0xx_hal_tim.o(.text.HAL_TIM_Base_MspInit), (2 bytes).
    Removing stm32l0xx_hal_tim.o(.ARM.exidx.text.HAL_TIM_Base_MspInit), (8 bytes).
    Removing stm32l0xx_hal_tim.o(.ARM.exidx.text.TIM_Base_SetConfig), (8 bytes).
    Removing stm32l0xx_hal_tim.o(.text.HAL_TIM_Base_DeInit), (48 bytes).
    Removing stm32l0xx_hal_tim.o(.ARM.exidx.text.HAL_TIM_Base_DeInit), (8 bytes).
    Removing stm32l0xx_hal_tim.o(.text.HAL_TIM_Base_MspDeInit), (2 bytes).
    Removing stm32l0xx_hal_tim.o(.ARM.exidx.text.HAL_TIM_Base_MspDeInit), (8 bytes).
    Removing stm32l0xx_hal_tim.o(.ARM.exidx.text.HAL_TIM_Base_Start), (8 bytes).
    Removing stm32l0xx_hal_tim.o(.ARM.exidx.text.HAL_TIM_Base_Stop), (8 bytes).
    Removing stm32l0xx_hal_tim.o(.text.HAL_TIM_Base_Start_IT), (30 bytes).
    Removing stm32l0xx_hal_tim.o(.ARM.exidx.text.HAL_TIM_Base_Start_IT), (8 bytes).
    Removing stm32l0xx_hal_tim.o(.text.HAL_TIM_Base_Stop_IT), (32 bytes).
    Removing stm32l0xx_hal_tim.o(.ARM.exidx.text.HAL_TIM_Base_Stop_IT), (8 bytes).
    Removing stm32l0xx_hal_tim.o(.text.HAL_TIM_Base_Start_DMA), (120 bytes).
    Removing stm32l0xx_hal_tim.o(.ARM.exidx.text.HAL_TIM_Base_Start_DMA), (8 bytes).
    Removing stm32l0xx_hal_tim.o(.text.TIM_DMAPeriodElapsedCplt), (16 bytes).
    Removing stm32l0xx_hal_tim.o(.ARM.exidx.text.TIM_DMAPeriodElapsedCplt), (8 bytes).
    Removing stm32l0xx_hal_tim.o(.text.TIM_DMAPeriodElapsedHalfCplt), (16 bytes).
    Removing stm32l0xx_hal_tim.o(.ARM.exidx.text.TIM_DMAPeriodElapsedHalfCplt), (8 bytes).
    Removing stm32l0xx_hal_tim.o(.text.TIM_DMAError), (16 bytes).
    Removing stm32l0xx_hal_tim.o(.ARM.exidx.text.TIM_DMAError), (8 bytes).
    Removing stm32l0xx_hal_tim.o(.text.HAL_TIM_Base_Stop_DMA), (52 bytes).
    Removing stm32l0xx_hal_tim.o(.ARM.exidx.text.HAL_TIM_Base_Stop_DMA), (8 bytes).
    Removing stm32l0xx_hal_tim.o(.text.HAL_TIM_OC_Init), (52 bytes).
    Removing stm32l0xx_hal_tim.o(.ARM.exidx.text.HAL_TIM_OC_Init), (8 bytes).
    Removing stm32l0xx_hal_tim.o(.text.HAL_TIM_OC_MspInit), (2 bytes).
    Removing stm32l0xx_hal_tim.o(.ARM.exidx.text.HAL_TIM_OC_MspInit), (8 bytes).
    Removing stm32l0xx_hal_tim.o(.text.HAL_TIM_OC_DeInit), (48 bytes).
    Removing stm32l0xx_hal_tim.o(.ARM.exidx.text.HAL_TIM_OC_DeInit), (8 bytes).
    Removing stm32l0xx_hal_tim.o(.text.HAL_TIM_OC_MspDeInit), (2 bytes).
    Removing stm32l0xx_hal_tim.o(.ARM.exidx.text.HAL_TIM_OC_MspDeInit), (8 bytes).
    Removing stm32l0xx_hal_tim.o(.text.HAL_TIM_OC_Start), (36 bytes).
    Removing stm32l0xx_hal_tim.o(.ARM.exidx.text.HAL_TIM_OC_Start), (8 bytes).
    Removing stm32l0xx_hal_tim.o(.text.TIM_CCxChannelCmd), (26 bytes).
    Removing stm32l0xx_hal_tim.o(.ARM.exidx.text.TIM_CCxChannelCmd), (8 bytes).
    Removing stm32l0xx_hal_tim.o(.text.HAL_TIM_OC_Stop), (40 bytes).
    Removing stm32l0xx_hal_tim.o(.ARM.exidx.text.HAL_TIM_OC_Stop), (8 bytes).
    Removing stm32l0xx_hal_tim.o(.text.HAL_TIM_OC_Start_IT), (94 bytes).
    Removing stm32l0xx_hal_tim.o(.ARM.exidx.text.HAL_TIM_OC_Start_IT), (8 bytes).
    Removing stm32l0xx_hal_tim.o(.text.HAL_TIM_OC_Stop_IT), (100 bytes).
    Removing stm32l0xx_hal_tim.o(.ARM.exidx.text.HAL_TIM_OC_Stop_IT), (8 bytes).
    Removing stm32l0xx_hal_tim.o(.text.HAL_TIM_OC_Start_DMA), (292 bytes).
    Removing stm32l0xx_hal_tim.o(.ARM.exidx.text.HAL_TIM_OC_Start_DMA), (8 bytes).
    Removing stm32l0xx_hal_tim.o(.text.TIM_DMADelayPulseCplt), (58 bytes).
    Removing stm32l0xx_hal_tim.o(.ARM.exidx.text.TIM_DMADelayPulseCplt), (8 bytes).
    Removing stm32l0xx_hal_tim.o(.text.TIM_DMADelayPulseHalfCplt), (58 bytes).
    Removing stm32l0xx_hal_tim.o(.ARM.exidx.text.TIM_DMADelayPulseHalfCplt), (8 bytes).
    Removing stm32l0xx_hal_tim.o(.text.HAL_TIM_OC_Stop_DMA), (148 bytes).
    Removing stm32l0xx_hal_tim.o(.ARM.exidx.text.HAL_TIM_OC_Stop_DMA), (8 bytes).
    Removing stm32l0xx_hal_tim.o(.text.HAL_TIM_PWM_Init), (52 bytes).
    Removing stm32l0xx_hal_tim.o(.ARM.exidx.text.HAL_TIM_PWM_Init), (8 bytes).
    Removing stm32l0xx_hal_tim.o(.text.HAL_TIM_PWM_MspInit), (2 bytes).
    Removing stm32l0xx_hal_tim.o(.ARM.exidx.text.HAL_TIM_PWM_MspInit), (8 bytes).
    Removing stm32l0xx_hal_tim.o(.text.HAL_TIM_PWM_DeInit), (48 bytes).
    Removing stm32l0xx_hal_tim.o(.ARM.exidx.text.HAL_TIM_PWM_DeInit), (8 bytes).
    Removing stm32l0xx_hal_tim.o(.text.HAL_TIM_PWM_MspDeInit), (2 bytes).
    Removing stm32l0xx_hal_tim.o(.ARM.exidx.text.HAL_TIM_PWM_MspDeInit), (8 bytes).
    Removing stm32l0xx_hal_tim.o(.text.HAL_TIM_PWM_Start), (36 bytes).
    Removing stm32l0xx_hal_tim.o(.ARM.exidx.text.HAL_TIM_PWM_Start), (8 bytes).
    Removing stm32l0xx_hal_tim.o(.text.HAL_TIM_PWM_Stop), (44 bytes).
    Removing stm32l0xx_hal_tim.o(.ARM.exidx.text.HAL_TIM_PWM_Stop), (8 bytes).
    Removing stm32l0xx_hal_tim.o(.text.HAL_TIM_PWM_Start_IT), (94 bytes).
    Removing stm32l0xx_hal_tim.o(.ARM.exidx.text.HAL_TIM_PWM_Start_IT), (8 bytes).
    Removing stm32l0xx_hal_tim.o(.text.HAL_TIM_PWM_Stop_IT), (100 bytes).
    Removing stm32l0xx_hal_tim.o(.ARM.exidx.text.HAL_TIM_PWM_Stop_IT), (8 bytes).
    Removing stm32l0xx_hal_tim.o(.text.HAL_TIM_PWM_Start_DMA), (292 bytes).
    Removing stm32l0xx_hal_tim.o(.ARM.exidx.text.HAL_TIM_PWM_Start_DMA), (8 bytes).
    Removing stm32l0xx_hal_tim.o(.text.HAL_TIM_PWM_Stop_DMA), (148 bytes).
    Removing stm32l0xx_hal_tim.o(.ARM.exidx.text.HAL_TIM_PWM_Stop_DMA), (8 bytes).
    Removing stm32l0xx_hal_tim.o(.text.HAL_TIM_IC_Init), (52 bytes).
    Removing stm32l0xx_hal_tim.o(.ARM.exidx.text.HAL_TIM_IC_Init), (8 bytes).
    Removing stm32l0xx_hal_tim.o(.text.HAL_TIM_IC_MspInit), (2 bytes).
    Removing stm32l0xx_hal_tim.o(.ARM.exidx.text.HAL_TIM_IC_MspInit), (8 bytes).
    Removing stm32l0xx_hal_tim.o(.text.HAL_TIM_IC_DeInit), (48 bytes).
    Removing stm32l0xx_hal_tim.o(.ARM.exidx.text.HAL_TIM_IC_DeInit), (8 bytes).
    Removing stm32l0xx_hal_tim.o(.text.HAL_TIM_IC_MspDeInit), (2 bytes).
    Removing stm32l0xx_hal_tim.o(.ARM.exidx.text.HAL_TIM_IC_MspDeInit), (8 bytes).
    Removing stm32l0xx_hal_tim.o(.text.HAL_TIM_IC_Start), (36 bytes).
    Removing stm32l0xx_hal_tim.o(.ARM.exidx.text.HAL_TIM_IC_Start), (8 bytes).
    Removing stm32l0xx_hal_tim.o(.text.HAL_TIM_IC_Stop), (40 bytes).
    Removing stm32l0xx_hal_tim.o(.ARM.exidx.text.HAL_TIM_IC_Stop), (8 bytes).
    Removing stm32l0xx_hal_tim.o(.text.HAL_TIM_IC_Start_IT), (94 bytes).
    Removing stm32l0xx_hal_tim.o(.ARM.exidx.text.HAL_TIM_IC_Start_IT), (8 bytes).
    Removing stm32l0xx_hal_tim.o(.text.HAL_TIM_IC_Stop_IT), (100 bytes).
    Removing stm32l0xx_hal_tim.o(.ARM.exidx.text.HAL_TIM_IC_Stop_IT), (8 bytes).
    Removing stm32l0xx_hal_tim.o(.text.HAL_TIM_IC_Start_DMA), (276 bytes).
    Removing stm32l0xx_hal_tim.o(.ARM.exidx.text.HAL_TIM_IC_Start_DMA), (8 bytes).
    Removing stm32l0xx_hal_tim.o(.text.TIM_DMACaptureCplt), (58 bytes).
    Removing stm32l0xx_hal_tim.o(.ARM.exidx.text.TIM_DMACaptureCplt), (8 bytes).
    Removing stm32l0xx_hal_tim.o(.text.TIM_DMACaptureHalfCplt), (58 bytes).
    Removing stm32l0xx_hal_tim.o(.ARM.exidx.text.TIM_DMACaptureHalfCplt), (8 bytes).
    Removing stm32l0xx_hal_tim.o(.text.HAL_TIM_IC_Stop_DMA), (148 bytes).
    Removing stm32l0xx_hal_tim.o(.ARM.exidx.text.HAL_TIM_IC_Stop_DMA), (8 bytes).
    Removing stm32l0xx_hal_tim.o(.text.HAL_TIM_OnePulse_Init), (70 bytes).
    Removing stm32l0xx_hal_tim.o(.ARM.exidx.text.HAL_TIM_OnePulse_Init), (8 bytes).
    Removing stm32l0xx_hal_tim.o(.text.HAL_TIM_OnePulse_MspInit), (2 bytes).
    Removing stm32l0xx_hal_tim.o(.ARM.exidx.text.HAL_TIM_OnePulse_MspInit), (8 bytes).
    Removing stm32l0xx_hal_tim.o(.text.HAL_TIM_OnePulse_DeInit), (48 bytes).
    Removing stm32l0xx_hal_tim.o(.ARM.exidx.text.HAL_TIM_OnePulse_DeInit), (8 bytes).
    Removing stm32l0xx_hal_tim.o(.text.HAL_TIM_OnePulse_MspDeInit), (2 bytes).
    Removing stm32l0xx_hal_tim.o(.ARM.exidx.text.HAL_TIM_OnePulse_MspDeInit), (8 bytes).
    Removing stm32l0xx_hal_tim.o(.text.HAL_TIM_OnePulse_Start), (32 bytes).
    Removing stm32l0xx_hal_tim.o(.ARM.exidx.text.HAL_TIM_OnePulse_Start), (8 bytes).
    Removing stm32l0xx_hal_tim.o(.text.HAL_TIM_OnePulse_Stop), (52 bytes).
    Removing stm32l0xx_hal_tim.o(.ARM.exidx.text.HAL_TIM_OnePulse_Stop), (8 bytes).
    Removing stm32l0xx_hal_tim.o(.text.HAL_TIM_OnePulse_Start_IT), (48 bytes).
    Removing stm32l0xx_hal_tim.o(.ARM.exidx.text.HAL_TIM_OnePulse_Start_IT), (8 bytes).
    Removing stm32l0xx_hal_tim.o(.text.HAL_TIM_OnePulse_Stop_IT), (68 bytes).
    Removing stm32l0xx_hal_tim.o(.ARM.exidx.text.HAL_TIM_OnePulse_Stop_IT), (8 bytes).
    Removing stm32l0xx_hal_tim.o(.text.HAL_TIM_Encoder_Init), (180 bytes).
    Removing stm32l0xx_hal_tim.o(.ARM.exidx.text.HAL_TIM_Encoder_Init), (8 bytes).
    Removing stm32l0xx_hal_tim.o(.text.HAL_TIM_Encoder_MspInit), (2 bytes).
    Removing stm32l0xx_hal_tim.o(.ARM.exidx.text.HAL_TIM_Encoder_MspInit), (8 bytes).
    Removing stm32l0xx_hal_tim.o(.text.HAL_TIM_Encoder_DeInit), (48 bytes).
    Removing stm32l0xx_hal_tim.o(.ARM.exidx.text.HAL_TIM_Encoder_DeInit), (8 bytes).
    Removing stm32l0xx_hal_tim.o(.text.HAL_TIM_Encoder_MspDeInit), (2 bytes).
    Removing stm32l0xx_hal_tim.o(.ARM.exidx.text.HAL_TIM_Encoder_MspDeInit), (8 bytes).
    Removing stm32l0xx_hal_tim.o(.text.HAL_TIM_Encoder_Start), (50 bytes).
    Removing stm32l0xx_hal_tim.o(.ARM.exidx.text.HAL_TIM_Encoder_Start), (8 bytes).
    Removing stm32l0xx_hal_tim.o(.text.HAL_TIM_Encoder_Stop), (64 bytes).
    Removing stm32l0xx_hal_tim.o(.ARM.exidx.text.HAL_TIM_Encoder_Stop), (8 bytes).
    Removing stm32l0xx_hal_tim.o(.text.HAL_TIM_Encoder_Start_IT), (96 bytes).
    Removing stm32l0xx_hal_tim.o(.ARM.exidx.text.HAL_TIM_Encoder_Start_IT), (8 bytes).
    Removing stm32l0xx_hal_tim.o(.text.HAL_TIM_Encoder_Stop_IT), (112 bytes).
    Removing stm32l0xx_hal_tim.o(.ARM.exidx.text.HAL_TIM_Encoder_Stop_IT), (8 bytes).
    Removing stm32l0xx_hal_tim.o(.text.HAL_TIM_Encoder_Start_DMA), (344 bytes).
    Removing stm32l0xx_hal_tim.o(.ARM.exidx.text.HAL_TIM_Encoder_Start_DMA), (8 bytes).
    Removing stm32l0xx_hal_tim.o(.text.HAL_TIM_Encoder_Stop_DMA), (152 bytes).
    Removing stm32l0xx_hal_tim.o(.ARM.exidx.text.HAL_TIM_Encoder_Stop_DMA), (8 bytes).
    Removing stm32l0xx_hal_tim.o(.text.HAL_TIM_IRQHandler), (278 bytes).
    Removing stm32l0xx_hal_tim.o(.ARM.exidx.text.HAL_TIM_IRQHandler), (8 bytes).
    Removing stm32l0xx_hal_tim.o(.text.HAL_TIM_IC_CaptureCallback), (2 bytes).
    Removing stm32l0xx_hal_tim.o(.ARM.exidx.text.HAL_TIM_IC_CaptureCallback), (8 bytes).
    Removing stm32l0xx_hal_tim.o(.text.HAL_TIM_OC_DelayElapsedCallback), (2 bytes).
    Removing stm32l0xx_hal_tim.o(.ARM.exidx.text.HAL_TIM_OC_DelayElapsedCallback), (8 bytes).
    Removing stm32l0xx_hal_tim.o(.text.HAL_TIM_PWM_PulseFinishedCallback), (2 bytes).
    Removing stm32l0xx_hal_tim.o(.ARM.exidx.text.HAL_TIM_PWM_PulseFinishedCallback), (8 bytes).
    Removing stm32l0xx_hal_tim.o(.text.HAL_TIM_PeriodElapsedCallback), (2 bytes).
    Removing stm32l0xx_hal_tim.o(.ARM.exidx.text.HAL_TIM_PeriodElapsedCallback), (8 bytes).
    Removing stm32l0xx_hal_tim.o(.text.HAL_TIM_TriggerCallback), (2 bytes).
    Removing stm32l0xx_hal_tim.o(.ARM.exidx.text.HAL_TIM_TriggerCallback), (8 bytes).
    Removing stm32l0xx_hal_tim.o(.text.HAL_TIM_OC_ConfigChannel), (82 bytes).
    Removing stm32l0xx_hal_tim.o(.ARM.exidx.text.HAL_TIM_OC_ConfigChannel), (8 bytes).
    Removing stm32l0xx_hal_tim.o(.text.TIM_OC1_SetConfig), (44 bytes).
    Removing stm32l0xx_hal_tim.o(.ARM.exidx.text.TIM_OC1_SetConfig), (8 bytes).
    Removing stm32l0xx_hal_tim.o(.text.TIM_OC2_SetConfig), (50 bytes).
    Removing stm32l0xx_hal_tim.o(.ARM.exidx.text.TIM_OC2_SetConfig), (8 bytes).
    Removing stm32l0xx_hal_tim.o(.text.TIM_OC3_SetConfig), (48 bytes).
    Removing stm32l0xx_hal_tim.o(.ARM.exidx.text.TIM_OC3_SetConfig), (8 bytes).
    Removing stm32l0xx_hal_tim.o(.text.TIM_OC4_SetConfig), (52 bytes).
    Removing stm32l0xx_hal_tim.o(.ARM.exidx.text.TIM_OC4_SetConfig), (8 bytes).
    Removing stm32l0xx_hal_tim.o(.text.HAL_TIM_IC_ConfigChannel), (248 bytes).
    Removing stm32l0xx_hal_tim.o(.ARM.exidx.text.HAL_TIM_IC_ConfigChannel), (8 bytes).
    Removing stm32l0xx_hal_tim.o(.text.TIM_TI1_SetConfig), (64 bytes).
    Removing stm32l0xx_hal_tim.o(.ARM.exidx.text.TIM_TI1_SetConfig), (8 bytes).
    Removing stm32l0xx_hal_tim.o(.text.TIM_TI2_SetConfig), (56 bytes).
    Removing stm32l0xx_hal_tim.o(.ARM.exidx.text.TIM_TI2_SetConfig), (8 bytes).
    Removing stm32l0xx_hal_tim.o(.text.HAL_TIM_PWM_ConfigChannel), (186 bytes).
    Removing stm32l0xx_hal_tim.o(.ARM.exidx.text.HAL_TIM_PWM_ConfigChannel), (8 bytes).
    Removing stm32l0xx_hal_tim.o(.text.HAL_TIM_OnePulse_ConfigChannel), (176 bytes).
    Removing stm32l0xx_hal_tim.o(.ARM.exidx.text.HAL_TIM_OnePulse_ConfigChannel), (8 bytes).
    Removing stm32l0xx_hal_tim.o(.text.HAL_TIM_DMABurst_WriteStart), (324 bytes).
    Removing stm32l0xx_hal_tim.o(.ARM.exidx.text.HAL_TIM_DMABurst_WriteStart), (8 bytes).
    Removing stm32l0xx_hal_tim.o(.text.TIM_DMATriggerCplt), (16 bytes).
    Removing stm32l0xx_hal_tim.o(.ARM.exidx.text.TIM_DMATriggerCplt), (8 bytes).
    Removing stm32l0xx_hal_tim.o(.text.TIM_DMATriggerHalfCplt), (16 bytes).
    Removing stm32l0xx_hal_tim.o(.ARM.exidx.text.TIM_DMATriggerHalfCplt), (8 bytes).
    Removing stm32l0xx_hal_tim.o(.text.HAL_TIM_DMABurst_WriteStop), (102 bytes).
    Removing stm32l0xx_hal_tim.o(.ARM.exidx.text.HAL_TIM_DMABurst_WriteStop), (8 bytes).
    Removing stm32l0xx_hal_tim.o(.text.HAL_TIM_DMABurst_ReadStart), (296 bytes).
    Removing stm32l0xx_hal_tim.o(.ARM.exidx.text.HAL_TIM_DMABurst_ReadStart), (8 bytes).
    Removing stm32l0xx_hal_tim.o(.text.HAL_TIM_DMABurst_ReadStop), (102 bytes).
    Removing stm32l0xx_hal_tim.o(.ARM.exidx.text.HAL_TIM_DMABurst_ReadStop), (8 bytes).
    Removing stm32l0xx_hal_tim.o(.text.HAL_TIM_GenerateEvent), (34 bytes).
    Removing stm32l0xx_hal_tim.o(.ARM.exidx.text.HAL_TIM_GenerateEvent), (8 bytes).
    Removing stm32l0xx_hal_tim.o(.text.HAL_TIM_ConfigOCrefClear), (186 bytes).
    Removing stm32l0xx_hal_tim.o(.ARM.exidx.text.HAL_TIM_ConfigOCrefClear), (8 bytes).
    Removing stm32l0xx_hal_tim.o(.ARM.exidx.text.HAL_TIM_ConfigClockSource), (8 bytes).
    Removing stm32l0xx_hal_tim.o(.ARM.exidx.text.TIM_TI1_ConfigInputStage), (8 bytes).
    Removing stm32l0xx_hal_tim.o(.ARM.exidx.text.TIM_TI2_ConfigInputStage), (8 bytes).
    Removing stm32l0xx_hal_tim.o(.text.HAL_TIM_ConfigTI1Input), (16 bytes).
    Removing stm32l0xx_hal_tim.o(.ARM.exidx.text.HAL_TIM_ConfigTI1Input), (8 bytes).
    Removing stm32l0xx_hal_tim.o(.text.HAL_TIM_SlaveConfigSynchro), (70 bytes).
    Removing stm32l0xx_hal_tim.o(.ARM.exidx.text.HAL_TIM_SlaveConfigSynchro), (8 bytes).
    Removing stm32l0xx_hal_tim.o(.text.TIM_SlaveTimer_SetConfig), (136 bytes).
    Removing stm32l0xx_hal_tim.o(.ARM.exidx.text.TIM_SlaveTimer_SetConfig), (8 bytes).
    Removing stm32l0xx_hal_tim.o(.text.HAL_TIM_SlaveConfigSynchro_IT), (70 bytes).
    Removing stm32l0xx_hal_tim.o(.ARM.exidx.text.HAL_TIM_SlaveConfigSynchro_IT), (8 bytes).
    Removing stm32l0xx_hal_tim.o(.text.HAL_TIM_ReadCapturedValue), (50 bytes).
    Removing stm32l0xx_hal_tim.o(.ARM.exidx.text.HAL_TIM_ReadCapturedValue), (8 bytes).
    Removing stm32l0xx_hal_tim.o(.text.HAL_TIM_PeriodElapsedHalfCpltCallback), (2 bytes).
    Removing stm32l0xx_hal_tim.o(.ARM.exidx.text.HAL_TIM_PeriodElapsedHalfCpltCallback), (8 bytes).
    Removing stm32l0xx_hal_tim.o(.text.HAL_TIM_IC_CaptureHalfCpltCallback), (2 bytes).
    Removing stm32l0xx_hal_tim.o(.ARM.exidx.text.HAL_TIM_IC_CaptureHalfCpltCallback), (8 bytes).
    Removing stm32l0xx_hal_tim.o(.text.HAL_TIM_PWM_PulseFinishedHalfCpltCallback), (2 bytes).
    Removing stm32l0xx_hal_tim.o(.ARM.exidx.text.HAL_TIM_PWM_PulseFinishedHalfCpltCallback), (8 bytes).
    Removing stm32l0xx_hal_tim.o(.text.HAL_TIM_TriggerHalfCpltCallback), (2 bytes).
    Removing stm32l0xx_hal_tim.o(.ARM.exidx.text.HAL_TIM_TriggerHalfCpltCallback), (8 bytes).
    Removing stm32l0xx_hal_tim.o(.text.HAL_TIM_ErrorCallback), (2 bytes).
    Removing stm32l0xx_hal_tim.o(.ARM.exidx.text.HAL_TIM_ErrorCallback), (8 bytes).
    Removing stm32l0xx_hal_tim.o(.text.HAL_TIM_Base_GetState), (6 bytes).
    Removing stm32l0xx_hal_tim.o(.ARM.exidx.text.HAL_TIM_Base_GetState), (8 bytes).
    Removing stm32l0xx_hal_tim.o(.text.HAL_TIM_OC_GetState), (6 bytes).
    Removing stm32l0xx_hal_tim.o(.ARM.exidx.text.HAL_TIM_OC_GetState), (8 bytes).
    Removing stm32l0xx_hal_tim.o(.text.HAL_TIM_PWM_GetState), (6 bytes).
    Removing stm32l0xx_hal_tim.o(.ARM.exidx.text.HAL_TIM_PWM_GetState), (8 bytes).
    Removing stm32l0xx_hal_tim.o(.text.HAL_TIM_IC_GetState), (6 bytes).
    Removing stm32l0xx_hal_tim.o(.ARM.exidx.text.HAL_TIM_IC_GetState), (8 bytes).
    Removing stm32l0xx_hal_tim.o(.text.HAL_TIM_OnePulse_GetState), (6 bytes).
    Removing stm32l0xx_hal_tim.o(.ARM.exidx.text.HAL_TIM_OnePulse_GetState), (8 bytes).
    Removing stm32l0xx_hal_tim.o(.text.HAL_TIM_Encoder_GetState), (6 bytes).
    Removing stm32l0xx_hal_tim.o(.ARM.exidx.text.HAL_TIM_Encoder_GetState), (8 bytes).
    Removing stm32l0xx_hal_tim_ex.o(.text), (0 bytes).
    Removing stm32l0xx_hal_tim_ex.o(.ARM.exidx.text.HAL_TIMEx_MasterConfigSynchronization), (8 bytes).
    Removing stm32l0xx_hal_tim_ex.o(.text.HAL_TIMEx_RemapConfig), (26 bytes).
    Removing stm32l0xx_hal_tim_ex.o(.ARM.exidx.text.HAL_TIMEx_RemapConfig), (8 bytes).
    Removing system_stm32l0xx.o(.text), (0 bytes).
    Removing system_stm32l0xx.o(.ARM.exidx.text.SystemInit), (8 bytes).
    Removing system_stm32l0xx.o(.text.SystemCoreClockUpdate), (144 bytes).
    Removing system_stm32l0xx.o(.ARM.exidx.text.SystemCoreClockUpdate), (8 bytes).

846 unused section(s) (total 33494 bytes) removed from the image.

==============================================================================

Image Symbol Table

    Local Symbols

    Symbol Name                              Value     Ov Type        Size  Object(Section)

    ../clib/microlib/division.c              0x00000000   Number         0  uidiv.o ABSOLUTE
    ../clib/microlib/division.c              0x00000000   Number         0  idiv.o ABSOLUTE
    ../clib/microlib/division.c              0x00000000   Number         0  uldiv.o ABSOLUTE
    ../clib/microlib/init/entry.s            0x00000000   Number         0  entry.o ABSOLUTE
    ../clib/microlib/init/entry.s            0x00000000   Number         0  entry2.o ABSOLUTE
    ../clib/microlib/init/entry.s            0x00000000   Number         0  entry5.o ABSOLUTE
    ../clib/microlib/init/entry.s            0x00000000   Number         0  entry7a.o ABSOLUTE
    ../clib/microlib/init/entry.s            0x00000000   Number         0  entry7b.o ABSOLUTE
    ../clib/microlib/init/entry.s            0x00000000   Number         0  entry8a.o ABSOLUTE
    ../clib/microlib/init/entry.s            0x00000000   Number         0  entry8b.o ABSOLUTE
    ../clib/microlib/init/entry.s            0x00000000   Number         0  entry9a.o ABSOLUTE
    ../clib/microlib/init/entry.s            0x00000000   Number         0  entry9b.o ABSOLUTE
    ../clib/microlib/init/entry.s            0x00000000   Number         0  entry10a.o ABSOLUTE
    ../clib/microlib/init/entry.s            0x00000000   Number         0  entry10b.o ABSOLUTE
    ../clib/microlib/init/entry.s            0x00000000   Number         0  entry11a.o ABSOLUTE
    ../clib/microlib/init/entry.s            0x00000000   Number         0  entry11b.o ABSOLUTE
    ../clib/microlib/longlong.c              0x00000000   Number         0  llshl.o ABSOLUTE
    ../clib/microlib/longlong.c              0x00000000   Number         0  llushr.o ABSOLUTE
    ../clib/microlib/string/memset.c         0x00000000   Number         0  memseta.o ABSOLUTE
    dc.s                                     0x00000000   Number         0  dc.o ABSOLUTE
    handlers.s                               0x00000000   Number         0  handlers.o ABSOLUTE
    init.s                                   0x00000000   Number         0  init.o ABSOLUTE
    main.c                                   0x00000000   Number         0  main.o ABSOLUTE
    startup_stm32l011xx.s                    0x00000000   Number         0  startup_stm32l011xx.o ABSOLUTE
    stm32l0xx_hal.c                          0x00000000   Number         0  stm32l0xx_hal.o ABSOLUTE
    stm32l0xx_hal_cortex.c                   0x00000000   Number         0  stm32l0xx_hal_cortex.o ABSOLUTE
    stm32l0xx_hal_dma.c                      0x00000000   Number         0  stm32l0xx_hal_dma.o ABSOLUTE
    stm32l0xx_hal_flash.c                    0x00000000   Number         0  stm32l0xx_hal_flash.o ABSOLUTE
    stm32l0xx_hal_flash_ex.c                 0x00000000   Number         0  stm32l0xx_hal_flash_ex.o ABSOLUTE
    stm32l0xx_hal_flash_ramfunc.c            0x00000000   Number         0  stm32l0xx_hal_flash_ramfunc.o ABSOLUTE
    stm32l0xx_hal_gpio.c                     0x00000000   Number         0  stm32l0xx_hal_gpio.o ABSOLUTE
    stm32l0xx_hal_i2c.c                      0x00000000   Number         0  stm32l0xx_hal_i2c.o ABSOLUTE
    stm32l0xx_hal_i2c_ex.c                   0x00000000   Number         0  stm32l0xx_hal_i2c_ex.o ABSOLUTE
    stm32l0xx_hal_msp.c                      0x00000000   Number         0  stm32l0xx_hal_msp.o ABSOLUTE
    stm32l0xx_hal_pwr.c                      0x00000000   Number         0  stm32l0xx_hal_pwr.o ABSOLUTE
    stm32l0xx_hal_pwr_ex.c                   0x00000000   Number         0  stm32l0xx_hal_pwr_ex.o ABSOLUTE
    stm32l0xx_hal_rcc.c                      0x00000000   Number         0  stm32l0xx_hal_rcc.o ABSOLUTE
    stm32l0xx_hal_rcc_ex.c                   0x00000000   Number         0  stm32l0xx_hal_rcc_ex.o ABSOLUTE
    stm32l0xx_hal_tim.c                      0x00000000   Number         0  stm32l0xx_hal_tim.o ABSOLUTE
    stm32l0xx_hal_tim_ex.c                   0x00000000   Number         0  stm32l0xx_hal_tim_ex.o ABSOLUTE
    stm32l0xx_hal_uart.c                     0x00000000   Number         0  stm32l0xx_hal_uart.o ABSOLUTE
    stm32l0xx_hal_uart_ex.c                  0x00000000   Number         0  stm32l0xx_hal_uart_ex.o ABSOLUTE
    stm32l0xx_it.c                           0x00000000   Number         0  stm32l0xx_it.o ABSOLUTE
    system_stm32l0xx.c                       0x00000000   Number         0  system_stm32l0xx.o ABSOLUTE
    RESET                                    0x08000000   Section      192  startup_stm32l011xx.o(RESET)
    .ARM.Collect$$$$00000000                 0x080000c0   Section        0  entry.o(.ARM.Collect$$$$00000000)
    .ARM.Collect$$$$00000001                 0x080000c0   Section        4  entry2.o(.ARM.Collect$$$$00000001)
    .ARM.Collect$$$$00000004                 0x080000c4   Section        4  entry5.o(.ARM.Collect$$$$00000004)
    .ARM.Collect$$$$00000008                 0x080000c8   Section        0  entry7b.o(.ARM.Collect$$$$00000008)
    .ARM.Collect$$$$0000000A                 0x080000c8   Section        0  entry8b.o(.ARM.Collect$$$$0000000A)
    .ARM.Collect$$$$0000000B                 0x080000c8   Section        8  entry9a.o(.ARM.Collect$$$$0000000B)
    __lit__00000000                          0x080000d0   Data           4  entry2.o(.ARM.Collect$$$$00002712)
    .ARM.Collect$$$$0000000D                 0x080000d0   Section        0  entry10a.o(.ARM.Collect$$$$0000000D)
    .ARM.Collect$$$$0000000F                 0x080000d0   Section        0  entry11a.o(.ARM.Collect$$$$0000000F)
    .ARM.Collect$$$$00002712                 0x080000d0   Section        4  entry2.o(.ARM.Collect$$$$00002712)
    .text                                    0x080000d4   Section       88  startup_stm32l011xx.o(.text)
    .text                                    0x0800012c   Section        0  uidiv.o(.text)
    .text                                    0x08000158   Section        0  idiv.o(.text)
    .text                                    0x08000180   Section        0  uldiv.o(.text)
    .text                                    0x080001e0   Section        0  memseta.o(.text)
    .text                                    0x08000204   Section        0  llshl.o(.text)
    .text                                    0x08000224   Section        0  llushr.o(.text)
    .text                                    0x08000248   Section       36  init.o(.text)
    [Anonymous Symbol]                       0x0800026c   Section        0  stm32l0xx_hal_dma.o(.text.HAL_DMA_Abort_IT)
    [Anonymous Symbol]                       0x080002b4   Section        0  stm32l0xx_hal.o(.text.HAL_Delay)
    [Anonymous Symbol]                       0x080002d4   Section        0  stm32l0xx_hal_gpio.o(.text.HAL_GPIO_Init)
    __arm_cp.0_0                             0x0800044c   Number         4  stm32l0xx_hal_gpio.o(.text.HAL_GPIO_Init)
    __arm_cp.0_1                             0x08000450   Number         4  stm32l0xx_hal_gpio.o(.text.HAL_GPIO_Init)
    __arm_cp.0_3                             0x08000454   Number         4  stm32l0xx_hal_gpio.o(.text.HAL_GPIO_Init)
    __arm_cp.0_4                             0x08000458   Number         4  stm32l0xx_hal_gpio.o(.text.HAL_GPIO_Init)
    __arm_cp.0_5                             0x0800045c   Number         4  stm32l0xx_hal_gpio.o(.text.HAL_GPIO_Init)
    [Anonymous Symbol]                       0x08000460   Section        0  stm32l0xx_hal_gpio.o(.text.HAL_GPIO_ReadPin)
    [Anonymous Symbol]                       0x0800046a   Section        0  stm32l0xx_hal_gpio.o(.text.HAL_GPIO_WritePin)
    [Anonymous Symbol]                       0x08000478   Section        0  stm32l0xx_hal.o(.text.HAL_GetTick)
    [Anonymous Symbol]                       0x08000480   Section        0  stm32l0xx_hal.o(.text.HAL_IncTick)
    __arm_cp.5_1                             0x08000490   Number         4  stm32l0xx_hal.o(.text.HAL_IncTick)
    [Anonymous Symbol]                       0x08000494   Section        0  stm32l0xx_hal.o(.text.HAL_Init)
    [Anonymous Symbol]                       0x080004b8   Section        0  stm32l0xx_hal.o(.text.HAL_InitTick)
    __arm_cp.1_0                             0x080004f4   Number         4  stm32l0xx_hal.o(.text.HAL_InitTick)
    [Anonymous Symbol]                       0x080004f8   Section        0  stm32l0xx_hal_msp.o(.text.HAL_MspInit)
    __arm_cp.0_0                             0x0800050c   Number         4  stm32l0xx_hal_msp.o(.text.HAL_MspInit)
    [Anonymous Symbol]                       0x08000510   Section        0  stm32l0xx_hal_cortex.o(.text.HAL_NVIC_EnableIRQ)
    __arm_cp.2_0                             0x08000520   Number         4  stm32l0xx_hal_cortex.o(.text.HAL_NVIC_EnableIRQ)
    [Anonymous Symbol]                       0x08000524   Section        0  stm32l0xx_hal_cortex.o(.text.HAL_NVIC_SetPriority)
    [Anonymous Symbol]                       0x0800052c   Section        0  stm32l0xx_hal_rcc_ex.o(.text.HAL_RCCEx_PeriphCLKConfig)
    __arm_cp.0_1                             0x0800067c   Number         4  stm32l0xx_hal_rcc_ex.o(.text.HAL_RCCEx_PeriphCLKConfig)
    [Anonymous Symbol]                       0x08000680   Section        0  stm32l0xx_hal_rcc.o(.text.HAL_RCC_ClockConfig)
    __arm_cp.3_0                             0x080007e8   Number         4  stm32l0xx_hal_rcc.o(.text.HAL_RCC_ClockConfig)
    __arm_cp.3_2                             0x080007ec   Number         4  stm32l0xx_hal_rcc.o(.text.HAL_RCC_ClockConfig)
    __arm_cp.3_3                             0x080007f0   Number         4  stm32l0xx_hal_rcc.o(.text.HAL_RCC_ClockConfig)
    [Anonymous Symbol]                       0x080007f4   Section        0  stm32l0xx_hal_rcc.o(.text.HAL_RCC_GetPCLK1Freq)
    __arm_cp.6_0                             0x08000808   Number         4  stm32l0xx_hal_rcc.o(.text.HAL_RCC_GetPCLK1Freq)
    __arm_cp.6_1                             0x0800080c   Number         4  stm32l0xx_hal_rcc.o(.text.HAL_RCC_GetPCLK1Freq)
    __arm_cp.6_2                             0x08000810   Number         4  stm32l0xx_hal_rcc.o(.text.HAL_RCC_GetPCLK1Freq)
    [Anonymous Symbol]                       0x08000814   Section        0  stm32l0xx_hal_rcc.o(.text.HAL_RCC_GetSysClockFreq)
    __arm_cp.2_0                             0x08000874   Number         4  stm32l0xx_hal_rcc.o(.text.HAL_RCC_GetSysClockFreq)
    __arm_cp.2_1                             0x08000878   Number         4  stm32l0xx_hal_rcc.o(.text.HAL_RCC_GetSysClockFreq)
    __arm_cp.2_2                             0x0800087c   Number         4  stm32l0xx_hal_rcc.o(.text.HAL_RCC_GetSysClockFreq)
    __arm_cp.2_3                             0x08000880   Number         4  stm32l0xx_hal_rcc.o(.text.HAL_RCC_GetSysClockFreq)
    __arm_cp.2_4                             0x08000884   Number         4  stm32l0xx_hal_rcc.o(.text.HAL_RCC_GetSysClockFreq)
    [Anonymous Symbol]                       0x08000888   Section        0  stm32l0xx_hal_rcc.o(.text.HAL_RCC_OscConfig)
    __arm_cp.1_7                             0x08000c68   Number         4  stm32l0xx_hal_rcc.o(.text.HAL_RCC_OscConfig)
    __arm_cp.1_1                             0x08000ce8   Number         4  stm32l0xx_hal_rcc.o(.text.HAL_RCC_OscConfig)
    __arm_cp.1_2                             0x08000cec   Number         4  stm32l0xx_hal_rcc.o(.text.HAL_RCC_OscConfig)
    __arm_cp.1_3                             0x08000cf0   Number         4  stm32l0xx_hal_rcc.o(.text.HAL_RCC_OscConfig)
    __arm_cp.1_4                             0x08000cf4   Number         4  stm32l0xx_hal_rcc.o(.text.HAL_RCC_OscConfig)
    [Anonymous Symbol]                       0x08000cf8   Section        0  stm32l0xx_hal_cortex.o(.text.HAL_SYSTICK_Config)
    __arm_cp.6_0                             0x08000d20   Number         4  stm32l0xx_hal_cortex.o(.text.HAL_SYSTICK_Config)
    __arm_cp.6_1                             0x08000d24   Number         4  stm32l0xx_hal_cortex.o(.text.HAL_SYSTICK_Config)
    __arm_cp.6_2                             0x08000d28   Number         4  stm32l0xx_hal_cortex.o(.text.HAL_SYSTICK_Config)
    [Anonymous Symbol]                       0x08000d2c   Section        0  stm32l0xx_hal_tim_ex.o(.text.HAL_TIMEx_MasterConfigSynchronization)
    [Anonymous Symbol]                       0x08000d66   Section        0  stm32l0xx_hal_tim.o(.text.HAL_TIM_Base_Init)
    [Anonymous Symbol]                       0x08000d9c   Section        0  stm32l0xx_hal_msp.o(.text.HAL_TIM_Base_MspInit)
    __arm_cp.3_0                             0x08000db4   Number         4  stm32l0xx_hal_msp.o(.text.HAL_TIM_Base_MspInit)
    [Anonymous Symbol]                       0x08000db8   Section        0  stm32l0xx_hal_tim.o(.text.HAL_TIM_Base_Start)
    [Anonymous Symbol]                       0x08000ddc   Section        0  stm32l0xx_hal_tim.o(.text.HAL_TIM_Base_Stop)
    __arm_cp.6_0                             0x08000e00   Number         4  stm32l0xx_hal_tim.o(.text.HAL_TIM_Base_Stop)
    [Anonymous Symbol]                       0x08000e04   Section        0  stm32l0xx_hal_tim.o(.text.HAL_TIM_ConfigClockSource)
    __arm_cp.91_0                            0x08000ee8   Number         4  stm32l0xx_hal_tim.o(.text.HAL_TIM_ConfigClockSource)
    [Anonymous Symbol]                       0x08000eec   Section        0  stm32l0xx_hal_uart_ex.o(.text.HAL_UARTEx_WakeupCallback)
    [Anonymous Symbol]                       0x08000eee   Section        0  stm32l0xx_hal_uart.o(.text.HAL_UART_ErrorCallback)
    [Anonymous Symbol]                       0x08000ef0   Section        0  stm32l0xx_hal_uart.o(.text.HAL_UART_IRQHandler)
    __arm_cp.43_0                            0x08001064   Number         4  stm32l0xx_hal_uart.o(.text.HAL_UART_IRQHandler)
    [Anonymous Symbol]                       0x08001068   Section        0  stm32l0xx_hal_uart.o(.text.HAL_UART_Init)
    [Anonymous Symbol]                       0x080010d4   Section        0  stm32l0xx_hal_msp.o(.text.HAL_UART_MspInit)
    __arm_cp.1_2                             0x08001164   Number         4  stm32l0xx_hal_msp.o(.text.HAL_UART_MspInit)
    __arm_cp.1_3                             0x08001168   Number         4  stm32l0xx_hal_msp.o(.text.HAL_UART_MspInit)
    [Anonymous Symbol]                       0x0800116c   Section        0  stm32l0xx_hal_uart.o(.text.HAL_UART_Receive_IT)
    __arm_cp.16_0                            0x08001220   Number         4  stm32l0xx_hal_uart.o(.text.HAL_UART_Receive_IT)
    __arm_cp.16_1                            0x08001224   Number         4  stm32l0xx_hal_uart.o(.text.HAL_UART_Receive_IT)
    __arm_cp.16_2                            0x08001228   Number         4  stm32l0xx_hal_uart.o(.text.HAL_UART_Receive_IT)
    [Anonymous Symbol]                       0x0800122c   Section        0  main.o(.text.HAL_UART_RxCpltCallback)
    __arm_cp.13_0                            0x080012b4   Number         4  main.o(.text.HAL_UART_RxCpltCallback)
    __arm_cp.13_1                            0x080012b8   Number         4  main.o(.text.HAL_UART_RxCpltCallback)
    __arm_cp.13_2                            0x080012bc   Number         4  main.o(.text.HAL_UART_RxCpltCallback)
    __arm_cp.13_3                            0x080012c0   Number         4  main.o(.text.HAL_UART_RxCpltCallback)
    [Anonymous Symbol]                       0x080012c4   Section        0  stm32l0xx_hal_uart.o(.text.HAL_UART_TxCpltCallback)
    [Anonymous Symbol]                       0x080012c6   Section        0  stm32l0xx_it.o(.text.HardFault_Handler)
    [Anonymous Symbol]                       0x080012c8   Section        0  stm32l0xx_it.o(.text.LPUART1_IRQHandler)
    __arm_cp.6_0                             0x080012d4   Number         4  stm32l0xx_it.o(.text.LPUART1_IRQHandler)
    [Anonymous Symbol]                       0x080012d8   Section        0  stm32l0xx_it.o(.text.NMI_Handler)
    NVIC_SetPriority                         0x080012dd   Thumb Code    64  stm32l0xx_hal_cortex.o(.text.NVIC_SetPriority)
    [Anonymous Symbol]                       0x080012dc   Section        0  stm32l0xx_hal_cortex.o(.text.NVIC_SetPriority)
    __arm_cp.1_0                             0x08001314   Number         4  stm32l0xx_hal_cortex.o(.text.NVIC_SetPriority)
    __arm_cp.1_1                             0x08001318   Number         4  stm32l0xx_hal_cortex.o(.text.NVIC_SetPriority)
    [Anonymous Symbol]                       0x0800131c   Section        0  main.o(.text.PERFORM_TASK)
    __arm_cp.5_8                             0x0800135c   Number         4  main.o(.text.PERFORM_TASK)
    __arm_cp.5_12                            0x08001754   Number         4  main.o(.text.PERFORM_TASK)
    __arm_cp.5_1                             0x08001a84   Number         4  main.o(.text.PERFORM_TASK)
    __arm_cp.5_2                             0x08001a88   Number         4  main.o(.text.PERFORM_TASK)
    __arm_cp.5_3                             0x08001a8c   Number         4  main.o(.text.PERFORM_TASK)
    __arm_cp.5_6                             0x08001a90   Number         4  main.o(.text.PERFORM_TASK)
    [Anonymous Symbol]                       0x08001a94   Section        0  main.o(.text.Pan)
    __arm_cp.21_0                            0x08001b14   Number         4  main.o(.text.Pan)
    __arm_cp.21_1                            0x08001b18   Number         4  main.o(.text.Pan)
    __arm_cp.21_2                            0x08001b1c   Number         4  main.o(.text.Pan)
    __arm_cp.21_3                            0x08001b20   Number         4  main.o(.text.Pan)
    [Anonymous Symbol]                       0x08001b24   Section        0  stm32l0xx_it.o(.text.PendSV_Handler)
    [Anonymous Symbol]                       0x08001b28   Section        0  main.o(.text.Ramp)
    __arm_cp.16_0                            0x08001bc4   Number         4  main.o(.text.Ramp)
    __arm_cp.16_1                            0x08001bc8   Number         4  main.o(.text.Ramp)
    [Anonymous Symbol]                       0x08001bcc   Section        0  stm32l0xx_it.o(.text.SVC_Handler)
    [Anonymous Symbol]                       0x08001bd0   Section        0  main.o(.text.Scan)
    __arm_cp.20_0                            0x08001f30   Number         4  main.o(.text.Scan)
    __arm_cp.20_1                            0x08001f34   Number         4  main.o(.text.Scan)
    __arm_cp.20_2                            0x08001f38   Number         4  main.o(.text.Scan)
    __arm_cp.20_3                            0x08001f3c   Number         4  main.o(.text.Scan)
    __arm_cp.20_4                            0x08001f40   Number         4  main.o(.text.Scan)
    [Anonymous Symbol]                       0x08001f44   Section        0  stm32l0xx_it.o(.text.SysTick_Handler)
    [Anonymous Symbol]                       0x08001f4c   Section        0  main.o(.text.SystemClock_Config)
    __arm_cp.1_0                             0x08001fbc   Number         4  main.o(.text.SystemClock_Config)
    [Anonymous Symbol]                       0x08001fc0   Section        0  system_stm32l0xx.o(.text.SystemInit)
    __arm_cp.0_0                             0x08002000   Number         4  system_stm32l0xx.o(.text.SystemInit)
    __arm_cp.0_1                             0x08002004   Number         4  system_stm32l0xx.o(.text.SystemInit)
    __arm_cp.0_2                             0x08002008   Number         4  system_stm32l0xx.o(.text.SystemInit)
    __arm_cp.0_3                             0x0800200c   Number         4  system_stm32l0xx.o(.text.SystemInit)
    TIM_Base_SetConfig                       0x08002011   Thumb Code    84  stm32l0xx_hal_tim.o(.text.TIM_Base_SetConfig)
    [Anonymous Symbol]                       0x08002010   Section        0  stm32l0xx_hal_tim.o(.text.TIM_Base_SetConfig)
    __arm_cp.2_0                             0x08002060   Number         4  stm32l0xx_hal_tim.o(.text.TIM_Base_SetConfig)
    TIM_TI1_ConfigInputStage                 0x08002065   Thumb Code    34  stm32l0xx_hal_tim.o(.text.TIM_TI1_ConfigInputStage)
    [Anonymous Symbol]                       0x08002064   Section        0  stm32l0xx_hal_tim.o(.text.TIM_TI1_ConfigInputStage)
    TIM_TI2_ConfigInputStage                 0x08002087   Thumb Code    38  stm32l0xx_hal_tim.o(.text.TIM_TI2_ConfigInputStage)
    [Anonymous Symbol]                       0x08002086   Section        0  stm32l0xx_hal_tim.o(.text.TIM_TI2_ConfigInputStage)
    [Anonymous Symbol]                       0x080020ac   Section        0  stm32l0xx_hal_uart.o(.text.UART_AdvFeatureConfig)
    [Anonymous Symbol]                       0x08002164   Section        0  stm32l0xx_hal_uart.o(.text.UART_CheckIdleState)
    __arm_cp.4_0                             0x080021c0   Number         4  stm32l0xx_hal_uart.o(.text.UART_CheckIdleState)
    UART_DMAAbortOnError                     0x080021c5   Thumb Code    22  stm32l0xx_hal_uart.o(.text.UART_DMAAbortOnError)
    [Anonymous Symbol]                       0x080021c4   Section        0  stm32l0xx_hal_uart.o(.text.UART_DMAAbortOnError)
    UART_EndRxTransfer                       0x080021db   Thumb Code    30  stm32l0xx_hal_uart.o(.text.UART_EndRxTransfer)
    [Anonymous Symbol]                       0x080021da   Section        0  stm32l0xx_hal_uart.o(.text.UART_EndRxTransfer)
    UART_RxISR_16BIT                         0x080021f9   Thumb Code    86  stm32l0xx_hal_uart.o(.text.UART_RxISR_16BIT)
    [Anonymous Symbol]                       0x080021f8   Section        0  stm32l0xx_hal_uart.o(.text.UART_RxISR_16BIT)
    UART_RxISR_8BIT                          0x0800224f   Thumb Code    90  stm32l0xx_hal_uart.o(.text.UART_RxISR_8BIT)
    [Anonymous Symbol]                       0x0800224e   Section        0  stm32l0xx_hal_uart.o(.text.UART_RxISR_8BIT)
    [Anonymous Symbol]                       0x080022a8   Section        0  stm32l0xx_hal_uart.o(.text.UART_SetConfig)
    __arm_cp.2_0                             0x08002438   Number         4  stm32l0xx_hal_uart.o(.text.UART_SetConfig)
    __arm_cp.2_1                             0x0800243c   Number         4  stm32l0xx_hal_uart.o(.text.UART_SetConfig)
    __arm_cp.2_2                             0x08002440   Number         4  stm32l0xx_hal_uart.o(.text.UART_SetConfig)
    __arm_cp.2_3                             0x08002444   Number         4  stm32l0xx_hal_uart.o(.text.UART_SetConfig)
    __arm_cp.2_5                             0x08002458   Number         4  stm32l0xx_hal_uart.o(.text.UART_SetConfig)
    __arm_cp.2_6                             0x0800245c   Number         4  stm32l0xx_hal_uart.o(.text.UART_SetConfig)
    __arm_cp.2_7                             0x08002460   Number         4  stm32l0xx_hal_uart.o(.text.UART_SetConfig)
    __arm_cp.2_8                             0x08002464   Number         4  stm32l0xx_hal_uart.o(.text.UART_SetConfig)
    __arm_cp.2_9                             0x08002468   Number         4  stm32l0xx_hal_uart.o(.text.UART_SetConfig)
    __arm_cp.2_10                            0x0800246c   Number         4  stm32l0xx_hal_uart.o(.text.UART_SetConfig)
    __arm_cp.2_11                            0x08002470   Number         4  stm32l0xx_hal_uart.o(.text.UART_SetConfig)
    [Anonymous Symbol]                       0x08002474   Section        0  stm32l0xx_hal_uart.o(.text.UART_WaitOnFlagUntilTimeout)
    [Anonymous Symbol]                       0x080024cc   Section        0  stm32l0xx_it.o(.text.USART2_IRQHandler)
    __arm_cp.5_0                             0x080024d8   Number         4  stm32l0xx_it.o(.text.USART2_IRQHandler)
    [Anonymous Symbol]                       0x080024dc   Section        0  main.o(.text.call_operation)
    __arm_cp.19_7                            0x080028cc   Number         4  main.o(.text.call_operation)
    __arm_cp.19_8                            0x080028d0   Number         4  main.o(.text.call_operation)
    __arm_cp.19_9                            0x080028d4   Number         4  main.o(.text.call_operation)
    __arm_cp.19_13                           0x080028e4   Number         4  main.o(.text.call_operation)
    __arm_cp.19_3                            0x08002c1c   Number         4  main.o(.text.call_operation)
    __arm_cp.19_4                            0x08002c20   Number         4  main.o(.text.call_operation)
    __arm_cp.19_5                            0x08002c24   Number         4  main.o(.text.call_operation)
    [Anonymous Symbol]                       0x08002c28   Section        0  main.o(.text.detectCommand)
    __arm_cp.8_0                             0x08002eb8   Number         4  main.o(.text.detectCommand)
    __arm_cp.8_2                             0x08002ebc   Number         4  main.o(.text.detectCommand)
    [Anonymous Symbol]                       0x08002ec0   Section        0  main.o(.text.get_limits)
    __arm_cp.3_0                             0x08002ee0   Number         4  main.o(.text.get_limits)
    __arm_cp.3_1                             0x08002ee4   Number         4  main.o(.text.get_limits)
    [Anonymous Symbol]                       0x08002ee8   Section        0  main.o(.text.get_presets)
    __arm_cp.2_2                             0x08002f24   Number         4  main.o(.text.get_presets)
    [Anonymous Symbol]                       0x08002f28   Section        0  main.o(.text.locking_eeprom)
    __arm_cp.23_0                            0x08002f3c   Number         4  main.o(.text.locking_eeprom)
    [Anonymous Symbol]                       0x08002f40   Section        0  main.o(.text.main)
    __arm_cp.0_0                             0x080030d4   Number         4  main.o(.text.main)
    __arm_cp.0_1                             0x080030d8   Number         4  main.o(.text.main)
    __arm_cp.0_2                             0x080030dc   Number         4  main.o(.text.main)
    __arm_cp.0_3                             0x080030e0   Number         4  main.o(.text.main)
    __arm_cp.0_4                             0x080030e4   Number         4  main.o(.text.main)
    __arm_cp.0_5                             0x080030e8   Number         4  main.o(.text.main)
    __arm_cp.0_6                             0x080030ec   Number         4  main.o(.text.main)
    __arm_cp.0_7                             0x080030f0   Number         4  main.o(.text.main)
    __arm_cp.0_8                             0x080030f4   Number         4  main.o(.text.main)
    __arm_cp.0_9                             0x080030f8   Number         4  main.o(.text.main)
    __arm_cp.0_10                            0x080030fc   Number         4  main.o(.text.main)
    __arm_cp.0_11                            0x08003100   Number         4  main.o(.text.main)
    __arm_cp.0_12                            0x08003104   Number         4  main.o(.text.main)
    [Anonymous Symbol]                       0x08003108   Section        0  main.o(.text.selfTest)
    __arm_cp.4_0                             0x08003398   Number         4  main.o(.text.selfTest)
    __arm_cp.4_1                             0x0800339c   Number         4  main.o(.text.selfTest)
    __arm_cp.4_3                             0x080033a0   Number         4  main.o(.text.selfTest)
    __arm_cp.4_4                             0x080033a4   Number         4  main.o(.text.selfTest)
    __arm_cp.4_5                             0x080033a8   Number         4  main.o(.text.selfTest)
    __arm_cp.4_6                             0x080033ac   Number         4  main.o(.text.selfTest)
    __arm_cp.4_7                             0x080033b0   Number         4  main.o(.text.selfTest)
    [Anonymous Symbol]                       0x080033b4   Section        0  main.o(.text.setSpeed)
    __arm_cp.14_1                            0x080033d0   Number         4  main.o(.text.setSpeed)
    __arm_cp.14_2                            0x080033d4   Number         4  main.o(.text.setSpeed)
    [Anonymous Symbol]                       0x080033d8   Section        0  main.o(.text.stepMotorNew)
    [Anonymous Symbol]                       0x080033f4   Section        0  main.o(.text.stepsNew)
    __arm_cp.18_0                            0x080034d4   Number         4  main.o(.text.stepsNew)
    __arm_cp.18_1                            0x080034d8   Number         4  main.o(.text.stepsNew)
    [Anonymous Symbol]                       0x080034dc   Section        0  main.o(.text.stepsNew_d)
    __arm_cp.17_0                            0x08003688   Number         4  main.o(.text.stepsNew_d)
    __arm_cp.17_1                            0x0800368c   Number         4  main.o(.text.stepsNew_d)
    __arm_cp.17_2                            0x08003690   Number         4  main.o(.text.stepsNew_d)
    __arm_cp.17_3                            0x08003694   Number         4  main.o(.text.stepsNew_d)
    __arm_cp.17_4                            0x08003698   Number         4  main.o(.text.stepsNew_d)
    [Anonymous Symbol]                       0x0800369c   Section        0  main.o(.text.unlocking_eeprom)
    __arm_cp.22_0                            0x080036b4   Number         4  main.o(.text.unlocking_eeprom)
    __arm_cp.22_1                            0x080036b8   Number         4  main.o(.text.unlocking_eeprom)
    __arm_cp.22_2                            0x080036bc   Number         4  main.o(.text.unlocking_eeprom)
    [Anonymous Symbol]                       0x080036c0   Section        0  main.o(.text.update_limit)
    __arm_cp.10_0                            0x08003708   Number         4  main.o(.text.update_limit)
    [Anonymous Symbol]                       0x0800370c   Section        0  main.o(.text.update_preset)
    __arm_cp.9_0                             0x08003754   Number         4  main.o(.text.update_preset)
    i.__scatterload_copy                     0x08003758   Section       14  handlers.o(i.__scatterload_copy)
    i.__scatterload_null                     0x08003766   Section        2  handlers.o(i.__scatterload_null)
    i.__scatterload_zeroinit                 0x08003768   Section       14  handlers.o(i.__scatterload_zeroinit)
    [Anonymous Symbol]                       0x20000000   Section        0  main.o(.data..L_MergedGlobals)
    [Anonymous Symbol]                       0x20000008   Section        0  stm32l0xx_hal.o(.data..L_MergedGlobals)
    [Anonymous Symbol]                       0x20000018   Section        0  main.o(.bss..L_MergedGlobals.1)
    STACK                                    0x20000298   Section     1024  startup_stm32l011xx.o(STACK)

    Global Symbols

    Symbol Name                              Value     Ov Type        Size  Object(Section)

    BuildAttributes$$THM_ISAv3M$S$PE$A:L22$X:L11$S22$IEEE1$IW$~IW$USESV6$~STKCKD$USESV7$~SHL$OSPACE$EBA8$MICROLIB$REQ8$PRES8$EABIv2 0x00000000   Number         0  anon$$obj.o ABSOLUTE
    __cpp_initialize__aeabi_                  - Undefined Weak Reference
    __cxa_finalize                            - Undefined Weak Reference
    __decompress                              - Undefined Weak Reference
    _clock_init                               - Undefined Weak Reference
    _microlib_exit                            - Undefined Weak Reference
    __Vectors_Size                           0x000000c0   Number         0  startup_stm32l011xx.o ABSOLUTE
    __Vectors                                0x08000000   Data           4  startup_stm32l011xx.o(RESET)
    __Vectors_End                            0x080000c0   Data           0  startup_stm32l011xx.o(RESET)
    __main                                   0x080000c1   Thumb Code     0  entry.o(.ARM.Collect$$$$00000000)
    _main_stk                                0x080000c1   Thumb Code     0  entry2.o(.ARM.Collect$$$$00000001)
    _main_scatterload                        0x080000c5   Thumb Code     0  entry5.o(.ARM.Collect$$$$00000004)
    __main_after_scatterload                 0x080000c9   Thumb Code     0  entry5.o(.ARM.Collect$$$$00000004)
    _main_clock                              0x080000c9   Thumb Code     0  entry7b.o(.ARM.Collect$$$$00000008)
    _main_cpp_init                           0x080000c9   Thumb Code     0  entry8b.o(.ARM.Collect$$$$0000000A)
    _main_init                               0x080000c9   Thumb Code     0  entry9a.o(.ARM.Collect$$$$0000000B)
    __rt_final_cpp                           0x080000d1   Thumb Code     0  entry10a.o(.ARM.Collect$$$$0000000D)
    __rt_final_exit                          0x080000d1   Thumb Code     0  entry11a.o(.ARM.Collect$$$$0000000F)
    Reset_Handler                            0x080000d5   Thumb Code    38  startup_stm32l011xx.o(.text)
    ADC1_COMP_IRQHandler                     0x08000105   Thumb Code     0  startup_stm32l011xx.o(.text)
    DMA1_Channel1_IRQHandler                 0x08000105   Thumb Code     0  startup_stm32l011xx.o(.text)
    DMA1_Channel2_3_IRQHandler               0x08000105   Thumb Code     0  startup_stm32l011xx.o(.text)
    DMA1_Channel4_5_IRQHandler               0x08000105   Thumb Code     0  startup_stm32l011xx.o(.text)
    EXTI0_1_IRQHandler                       0x08000105   Thumb Code     0  startup_stm32l011xx.o(.text)
    EXTI2_3_IRQHandler                       0x08000105   Thumb Code     0  startup_stm32l011xx.o(.text)
    EXTI4_15_IRQHandler                      0x08000105   Thumb Code     0  startup_stm32l011xx.o(.text)
    FLASH_IRQHandler                         0x08000105   Thumb Code     0  startup_stm32l011xx.o(.text)
    I2C1_IRQHandler                          0x08000105   Thumb Code     0  startup_stm32l011xx.o(.text)
    LPTIM1_IRQHandler                        0x08000105   Thumb Code     0  startup_stm32l011xx.o(.text)
    PVD_IRQHandler                           0x08000105   Thumb Code     0  startup_stm32l011xx.o(.text)
    RCC_IRQHandler                           0x08000105   Thumb Code     0  startup_stm32l011xx.o(.text)
    RTC_IRQHandler                           0x08000105   Thumb Code     0  startup_stm32l011xx.o(.text)
    SPI1_IRQHandler                          0x08000105   Thumb Code     0  startup_stm32l011xx.o(.text)
    TIM21_IRQHandler                         0x08000105   Thumb Code     0  startup_stm32l011xx.o(.text)
    TIM2_IRQHandler                          0x08000105   Thumb Code     0  startup_stm32l011xx.o(.text)
    WWDG_IRQHandler                          0x08000105   Thumb Code     0  startup_stm32l011xx.o(.text)
    __aeabi_uidiv                            0x0800012d   Thumb Code     0  uidiv.o(.text)
    __aeabi_uidivmod                         0x0800012d   Thumb Code    44  uidiv.o(.text)
    __aeabi_idiv                             0x08000159   Thumb Code     0  idiv.o(.text)
    __aeabi_idivmod                          0x08000159   Thumb Code    40  idiv.o(.text)
    __aeabi_uldivmod                         0x08000181   Thumb Code    96  uldiv.o(.text)
    __aeabi_memset                           0x080001e1   Thumb Code    14  memseta.o(.text)
    __aeabi_memset4                          0x080001e1   Thumb Code     0  memseta.o(.text)
    __aeabi_memset8                          0x080001e1   Thumb Code     0  memseta.o(.text)
    __aeabi_memclr                           0x080001ef   Thumb Code     4  memseta.o(.text)
    __aeabi_memclr4                          0x080001ef   Thumb Code     0  memseta.o(.text)
    __aeabi_memclr8                          0x080001ef   Thumb Code     0  memseta.o(.text)
    _memset$wrapper                          0x080001f3   Thumb Code    18  memseta.o(.text)
    __aeabi_llsl                             0x08000205   Thumb Code    32  llshl.o(.text)
    _ll_shift_l                              0x08000205   Thumb Code     0  llshl.o(.text)
    __aeabi_llsr                             0x08000225   Thumb Code    34  llushr.o(.text)
    _ll_ushift_r                             0x08000225   Thumb Code     0  llushr.o(.text)
    __scatterload                            0x08000249   Thumb Code    28  init.o(.text)
    __scatterload_rt2                        0x08000249   Thumb Code     0  init.o(.text)
    HAL_DMA_Abort_IT                         0x0800026d   Thumb Code    72  stm32l0xx_hal_dma.o(.text.HAL_DMA_Abort_IT)
    HAL_Delay                                0x080002b5   Thumb Code    32  stm32l0xx_hal.o(.text.HAL_Delay)
    HAL_GPIO_Init                            0x080002d5   Thumb Code   396  stm32l0xx_hal_gpio.o(.text.HAL_GPIO_Init)
    HAL_GPIO_ReadPin                         0x08000461   Thumb Code    10  stm32l0xx_hal_gpio.o(.text.HAL_GPIO_ReadPin)
    HAL_GPIO_WritePin                        0x0800046b   Thumb Code    14  stm32l0xx_hal_gpio.o(.text.HAL_GPIO_WritePin)
    HAL_GetTick                              0x08000479   Thumb Code     8  stm32l0xx_hal.o(.text.HAL_GetTick)
    HAL_IncTick                              0x08000481   Thumb Code    20  stm32l0xx_hal.o(.text.HAL_IncTick)
    HAL_Init                                 0x08000495   Thumb Code    36  stm32l0xx_hal.o(.text.HAL_Init)
    HAL_InitTick                             0x080004b9   Thumb Code    64  stm32l0xx_hal.o(.text.HAL_InitTick)
    HAL_MspInit                              0x080004f9   Thumb Code    24  stm32l0xx_hal_msp.o(.text.HAL_MspInit)
    HAL_NVIC_EnableIRQ                       0x08000511   Thumb Code    20  stm32l0xx_hal_cortex.o(.text.HAL_NVIC_EnableIRQ)
    HAL_NVIC_SetPriority                     0x08000525   Thumb Code     8  stm32l0xx_hal_cortex.o(.text.HAL_NVIC_SetPriority)
    HAL_RCCEx_PeriphCLKConfig                0x0800052d   Thumb Code   340  stm32l0xx_hal_rcc_ex.o(.text.HAL_RCCEx_PeriphCLKConfig)
    HAL_RCC_ClockConfig                      0x08000681   Thumb Code   372  stm32l0xx_hal_rcc.o(.text.HAL_RCC_ClockConfig)
    HAL_RCC_GetPCLK1Freq                     0x080007f5   Thumb Code    32  stm32l0xx_hal_rcc.o(.text.HAL_RCC_GetPCLK1Freq)
    HAL_RCC_GetSysClockFreq                  0x08000815   Thumb Code   116  stm32l0xx_hal_rcc.o(.text.HAL_RCC_GetSysClockFreq)
    HAL_RCC_OscConfig                        0x08000889   Thumb Code  1136  stm32l0xx_hal_rcc.o(.text.HAL_RCC_OscConfig)
    HAL_SYSTICK_Config                       0x08000cf9   Thumb Code    52  stm32l0xx_hal_cortex.o(.text.HAL_SYSTICK_Config)
    HAL_TIMEx_MasterConfigSynchronization    0x08000d2d   Thumb Code    58  stm32l0xx_hal_tim_ex.o(.text.HAL_TIMEx_MasterConfigSynchronization)
    HAL_TIM_Base_Init                        0x08000d67   Thumb Code    52  stm32l0xx_hal_tim.o(.text.HAL_TIM_Base_Init)
    HAL_TIM_Base_MspInit                     0x08000d9d   Thumb Code    28  stm32l0xx_hal_msp.o(.text.HAL_TIM_Base_MspInit)
    HAL_TIM_Base_Start                       0x08000db9   Thumb Code    36  stm32l0xx_hal_tim.o(.text.HAL_TIM_Base_Start)
    HAL_TIM_Base_Stop                        0x08000ddd   Thumb Code    40  stm32l0xx_hal_tim.o(.text.HAL_TIM_Base_Stop)
    HAL_TIM_ConfigClockSource                0x08000e05   Thumb Code   232  stm32l0xx_hal_tim.o(.text.HAL_TIM_ConfigClockSource)
    HAL_UARTEx_WakeupCallback                0x08000eed   Thumb Code     2  stm32l0xx_hal_uart_ex.o(.text.HAL_UARTEx_WakeupCallback)
    HAL_UART_ErrorCallback                   0x08000eef   Thumb Code     2  stm32l0xx_hal_uart.o(.text.HAL_UART_ErrorCallback)
    HAL_UART_IRQHandler                      0x08000ef1   Thumb Code   376  stm32l0xx_hal_uart.o(.text.HAL_UART_IRQHandler)
    HAL_UART_Init                            0x08001069   Thumb Code   106  stm32l0xx_hal_uart.o(.text.HAL_UART_Init)
    HAL_UART_MspInit                         0x080010d5   Thumb Code   152  stm32l0xx_hal_msp.o(.text.HAL_UART_MspInit)
    HAL_UART_Receive_IT                      0x0800116d   Thumb Code   192  stm32l0xx_hal_uart.o(.text.HAL_UART_Receive_IT)
    HAL_UART_RxCpltCallback                  0x0800122d   Thumb Code   152  main.o(.text.HAL_UART_RxCpltCallback)
    HAL_UART_TxCpltCallback                  0x080012c5   Thumb Code     2  stm32l0xx_hal_uart.o(.text.HAL_UART_TxCpltCallback)
    HardFault_Handler                        0x080012c7   Thumb Code     2  stm32l0xx_it.o(.text.HardFault_Handler)
    LPUART1_IRQHandler                       0x080012c9   Thumb Code    16  stm32l0xx_it.o(.text.LPUART1_IRQHandler)
    NMI_Handler                              0x080012d9   Thumb Code     2  stm32l0xx_it.o(.text.NMI_Handler)
    PERFORM_TASK                             0x0800131d   Thumb Code  1912  main.o(.text.PERFORM_TASK)
    Pan                                      0x08001a95   Thumb Code   144  main.o(.text.Pan)
    PendSV_Handler                           0x08001b25   Thumb Code     2  stm32l0xx_it.o(.text.PendSV_Handler)
    Ramp                                     0x08001b29   Thumb Code   164  main.o(.text.Ramp)
    SVC_Handler                              0x08001bcd   Thumb Code     2  stm32l0xx_it.o(.text.SVC_Handler)
    Scan                                     0x08001bd1   Thumb Code   884  main.o(.text.Scan)
    SysTick_Handler                          0x08001f45   Thumb Code     8  stm32l0xx_it.o(.text.SysTick_Handler)
    SystemClock_Config                       0x08001f4d   Thumb Code   116  main.o(.text.SystemClock_Config)
    SystemInit                               0x08001fc1   Thumb Code    80  system_stm32l0xx.o(.text.SystemInit)
    UART_AdvFeatureConfig                    0x080020ad   Thumb Code   184  stm32l0xx_hal_uart.o(.text.UART_AdvFeatureConfig)
    UART_CheckIdleState                      0x08002165   Thumb Code    96  stm32l0xx_hal_uart.o(.text.UART_CheckIdleState)
    UART_SetConfig                           0x080022a9   Thumb Code   460  stm32l0xx_hal_uart.o(.text.UART_SetConfig)
    UART_WaitOnFlagUntilTimeout              0x08002475   Thumb Code    88  stm32l0xx_hal_uart.o(.text.UART_WaitOnFlagUntilTimeout)
    USART2_IRQHandler                        0x080024cd   Thumb Code    16  stm32l0xx_it.o(.text.USART2_IRQHandler)
    call_operation                           0x080024dd   Thumb Code  1868  main.o(.text.call_operation)
    detectCommand                            0x08002c29   Thumb Code   664  main.o(.text.detectCommand)
    get_limits                               0x08002ec1   Thumb Code    40  main.o(.text.get_limits)
    get_presets                              0x08002ee9   Thumb Code    64  main.o(.text.get_presets)
    locking_eeprom                           0x08002f29   Thumb Code    24  main.o(.text.locking_eeprom)
    main                                     0x08002f41   Thumb Code   456  main.o(.text.main)
    selfTest                                 0x08003109   Thumb Code   684  main.o(.text.selfTest)
    setSpeed                                 0x080033b5   Thumb Code    36  main.o(.text.setSpeed)
    stepMotorNew                             0x080033d9   Thumb Code    28  main.o(.text.stepMotorNew)
    stepsNew                                 0x080033f5   Thumb Code   232  main.o(.text.stepsNew)
    stepsNew_d                               0x080034dd   Thumb Code   448  main.o(.text.stepsNew_d)
    unlocking_eeprom                         0x0800369d   Thumb Code    36  main.o(.text.unlocking_eeprom)
    update_limit                             0x080036c1   Thumb Code    76  main.o(.text.update_limit)
    update_preset                            0x0800370d   Thumb Code    76  main.o(.text.update_preset)
    __scatterload_copy                       0x08003759   Thumb Code    14  handlers.o(i.__scatterload_copy)
    __scatterload_null                       0x08003767   Thumb Code     2  handlers.o(i.__scatterload_null)
    __scatterload_zeroinit                   0x08003769   Thumb Code    14  handlers.o(i.__scatterload_zeroinit)
    AHBPrescTable                            0x08003776   Data          16  system_stm32l0xx.o(.rodata.AHBPrescTable)
    APBPrescTable                            0x08003786   Data           8  system_stm32l0xx.o(.rodata.APBPrescTable)
    PLLMulTable                              0x0800378e   Data           9  system_stm32l0xx.o(.rodata.PLLMulTable)
    Region$$Table$$Base                      0x08003798   Number         0  anon$$obj.o(Region$$Table)
    Region$$Table$$Limit                     0x080037b8   Number         0  anon$$obj.o(Region$$Table)
    rec_cmd                                  0x20000000   Data           1  main.o(.data..L_MergedGlobals)
    x_total                                  0x20000002   Data           2  main.o(.data..L_MergedGlobals)
    stepss                                   0x20000004   Data           4  main.o(.data..L_MergedGlobals)
    uwTickFreq                               0x20000008   Data           1  stm32l0xx_hal.o(.data..L_MergedGlobals)
    uwTickPrio                               0x2000000c   Data           4  stm32l0xx_hal.o(.data..L_MergedGlobals)
    SystemCoreClock                          0x20000010   Data           4  system_stm32l0xx.o(.data.SystemCoreClock)
    number_of_steps                          0x20000014   Data           4  main.o(.data.number_of_steps)
    rx_index                                 0x20000018   Data           1  main.o(.bss..L_MergedGlobals.1)
    info                                     0x20000019   Data           1  main.o(.bss..L_MergedGlobals.1)
    header                                   0x2000001a   Data           1  main.o(.bss..L_MergedGlobals.1)
    compId1                                  0x2000001b   Data           1  main.o(.bss..L_MergedGlobals.1)
    compId2                                  0x2000001c   Data           1  main.o(.bss..L_MergedGlobals.1)
    compId3                                  0x2000001d   Data           1  main.o(.bss..L_MergedGlobals.1)
    compId4                                  0x2000001e   Data           1  main.o(.bss..L_MergedGlobals.1)
    compId5                                  0x2000001f   Data           1  main.o(.bss..L_MergedGlobals.1)
    compId6                                  0x20000020   Data           1  main.o(.bss..L_MergedGlobals.1)
    cam_sel                                  0x20000021   Data           1  main.o(.bss..L_MergedGlobals.1)
    patrolling_flag                          0x20000022   Data           1  main.o(.bss..L_MergedGlobals.1)
    tour_flag                                0x20000023   Data           1  main.o(.bss..L_MergedGlobals.1)
    rx_data                                  0x20000024   Data           1  main.o(.bss..L_MergedGlobals.1)
    xmove                                    0x20000026   Data           2  main.o(.bss..L_MergedGlobals.1)
    ymove                                    0x20000028   Data           2  main.o(.bss..L_MergedGlobals.1)
    xorgn                                    0x2000002a   Data           2  main.o(.bss..L_MergedGlobals.1)
    yorgn                                    0x2000002c   Data           2  main.o(.bss..L_MergedGlobals.1)
    direction                                0x20000030   Data           4  main.o(.bss..L_MergedGlobals.1)
    step_number                              0x20000034   Data           4  main.o(.bss..L_MergedGlobals.1)
    step_number_d                            0x20000038   Data           4  main.o(.bss..L_MergedGlobals.1)
    t_limit_count                            0x2000003c   Data           4  main.o(.bss..L_MergedGlobals.1)
    last_step_time                           0x20000040   Data           4  main.o(.bss..L_MergedGlobals.1)
    step_delay                               0x20000044   Data           4  main.o(.bss..L_MergedGlobals.1)
    rx_buffer                                0x20000048   Data           7  main.o(.bss..L_MergedGlobals.1)
    counter_limit                            0x20000050   Data           8  main.o(.bss..L_MergedGlobals.1)
    htim2                                    0x20000058   Data          60  main.o(.bss..L_MergedGlobals.1)
    counter_main                             0x20000094   Data         128  main.o(.bss.counter_main)
    counter_main_1                           0x20000114   Data         128  main.o(.bss.counter_main_1)
    hlpuart1                                 0x20000194   Data         128  main.o(.bss.hlpuart1)
    huart2                                   0x20000214   Data         128  main.o(.bss.huart2)
    uwTick                                   0x20000294   Data           4  stm32l0xx_hal.o(.bss.uwTick)
    __initial_sp                             0x20000698   Data           0  startup_stm32l011xx.o(STACK)



==============================================================================

Memory Map of the image

  Image Entry point : 0x080000c1

  Load Region LR_IROM1 (Base: 0x08000000, Size: 0x000037d0, Max: 0x00004000, ABSOLUTE)

    Execution Region ER_IROM1 (Exec base: 0x08000000, Load base: 0x08000000, Size: 0x000037b8, Max: 0x00004000, ABSOLUTE)

    Exec Addr    Load Addr    Size         Type   Attr      Idx    E Section Name        Object

    0x08000000   0x08000000   0x000000c0   Data   RO            3    RESET               startup_stm32l011xx.o
    0x080000c0   0x080000c0   0x00000000   Code   RO         1105  * .ARM.Collect$$$$00000000  mc_p.l(entry.o)
    0x080000c0   0x080000c0   0x00000004   Code   RO         1116    .ARM.Collect$$$$00000001  mc_p.l(entry2.o)
    0x080000c4   0x080000c4   0x00000004   Code   RO         1119    .ARM.Collect$$$$00000004  mc_p.l(entry5.o)
    0x080000c8   0x080000c8   0x00000000   Code   RO         1121    .ARM.Collect$$$$00000008  mc_p.l(entry7b.o)
    0x080000c8   0x080000c8   0x00000000   Code   RO         1123    .ARM.Collect$$$$0000000A  mc_p.l(entry8b.o)
    0x080000c8   0x080000c8   0x00000008   Code   RO         1124    .ARM.Collect$$$$0000000B  mc_p.l(entry9a.o)
    0x080000d0   0x080000d0   0x00000000   Code   RO         1126    .ARM.Collect$$$$0000000D  mc_p.l(entry10a.o)
    0x080000d0   0x080000d0   0x00000000   Code   RO         1128    .ARM.Collect$$$$0000000F  mc_p.l(entry11a.o)
    0x080000d0   0x080000d0   0x00000004   Code   RO         1117    .ARM.Collect$$$$00002712  mc_p.l(entry2.o)
    0x080000d4   0x080000d4   0x00000058   Code   RO            4    .text               startup_stm32l011xx.o
    0x0800012c   0x0800012c   0x0000002c   Code   RO         1108    .text               mc_p.l(uidiv.o)
    0x08000158   0x08000158   0x00000028   Code   RO         1110    .text               mc_p.l(idiv.o)
    0x08000180   0x08000180   0x00000060   Code   RO         1112    .text               mc_p.l(uldiv.o)
    0x080001e0   0x080001e0   0x00000024   Code   RO         1114    .text               mc_p.l(memseta.o)
    0x08000204   0x08000204   0x00000020   Code   RO         1130    .text               mc_p.l(llshl.o)
    0x08000224   0x08000224   0x00000022   Code   RO         1132    .text               mc_p.l(llushr.o)
    0x08000246   0x08000246   0x00000002   PAD
    0x08000248   0x08000248   0x00000024   Code   RO         1134    .text               mc_p.l(init.o)
    0x0800026c   0x0800026c   0x00000048   Code   RO          721    .text.HAL_DMA_Abort_IT  stm32l0xx_hal_dma.o
    0x080002b4   0x080002b4   0x00000020   Code   RO          302    .text.HAL_Delay     stm32l0xx_hal.o
    0x080002d4   0x080002d4   0x0000018c   Code   RO          684    .text.HAL_GPIO_Init  stm32l0xx_hal_gpio.o
    0x08000460   0x08000460   0x0000000a   Code   RO          688    .text.HAL_GPIO_ReadPin  stm32l0xx_hal_gpio.o
    0x0800046a   0x0800046a   0x0000000e   Code   RO          690    .text.HAL_GPIO_WritePin  stm32l0xx_hal_gpio.o
    0x08000478   0x08000478   0x00000008   Code   RO          294    .text.HAL_GetTick   stm32l0xx_hal.o
    0x08000480   0x08000480   0x00000014   Code   RO          292    .text.HAL_IncTick   stm32l0xx_hal.o
    0x08000494   0x08000494   0x00000024   Code   RO          282    .text.HAL_Init      stm32l0xx_hal.o
    0x080004b8   0x080004b8   0x00000040   Code   RO          284    .text.HAL_InitTick  stm32l0xx_hal.o
    0x080004f8   0x080004f8   0x00000018   Code   RO          113    .text.HAL_MspInit   stm32l0xx_hal_msp.o
    0x08000510   0x08000510   0x00000014   Code   RO          814    .text.HAL_NVIC_EnableIRQ  stm32l0xx_hal_cortex.o
    0x08000524   0x08000524   0x00000008   Code   RO          810    .text.HAL_NVIC_SetPriority  stm32l0xx_hal_cortex.o
    0x0800052c   0x0800052c   0x00000154   Code   RO          572    .text.HAL_RCCEx_PeriphCLKConfig  stm32l0xx_hal_rcc_ex.o
    0x08000680   0x08000680   0x00000174   Code   RO          549    .text.HAL_RCC_ClockConfig  stm32l0xx_hal_rcc.o
    0x080007f4   0x080007f4   0x00000020   Code   RO          555    .text.HAL_RCC_GetPCLK1Freq  stm32l0xx_hal_rcc.o
    0x08000814   0x08000814   0x00000074   Code   RO          547    .text.HAL_RCC_GetSysClockFreq  stm32l0xx_hal_rcc.o
    0x08000888   0x08000888   0x00000470   Code   RO          545    .text.HAL_RCC_OscConfig  stm32l0xx_hal_rcc.o
    0x08000cf8   0x08000cf8   0x00000034   Code   RO          822    .text.HAL_SYSTICK_Config  stm32l0xx_hal_cortex.o
    0x08000d2c   0x08000d2c   0x0000003a   Code   RO         1076    .text.HAL_TIMEx_MasterConfigSynchronization  stm32l0xx_hal_tim_ex.o
    0x08000d66   0x08000d66   0x00000034   Code   RO          847    .text.HAL_TIM_Base_Init  stm32l0xx_hal_tim.o
    0x08000d9a   0x08000d9a   0x00000002   PAD
    0x08000d9c   0x08000d9c   0x0000001c   Code   RO          119    .text.HAL_TIM_Base_MspInit  stm32l0xx_hal_msp.o
    0x08000db8   0x08000db8   0x00000024   Code   RO          857    .text.HAL_TIM_Base_Start  stm32l0xx_hal_tim.o
    0x08000ddc   0x08000ddc   0x00000028   Code   RO          859    .text.HAL_TIM_Base_Stop  stm32l0xx_hal_tim.o
    0x08000e04   0x08000e04   0x000000e8   Code   RO         1029    .text.HAL_TIM_ConfigClockSource  stm32l0xx_hal_tim.o
    0x08000eec   0x08000eec   0x00000002   Code   RO          259    .text.HAL_UARTEx_WakeupCallback  stm32l0xx_hal_uart_ex.o
    0x08000eee   0x08000eee   0x00000002   Code   RO          222    .text.HAL_UART_ErrorCallback  stm32l0xx_hal_uart.o
    0x08000ef0   0x08000ef0   0x00000178   Code   RO          218    .text.HAL_UART_IRQHandler  stm32l0xx_hal_uart.o
    0x08001068   0x08001068   0x0000006a   Code   RO          132    .text.HAL_UART_Init  stm32l0xx_hal_uart.o
    0x080010d2   0x080010d2   0x00000002   PAD
    0x080010d4   0x080010d4   0x00000098   Code   RO          115    .text.HAL_UART_MspInit  stm32l0xx_hal_msp.o
    0x0800116c   0x0800116c   0x000000c0   Code   RO          164    .text.HAL_UART_Receive_IT  stm32l0xx_hal_uart.o
    0x0800122c   0x0800122c   0x00000098   Code   RO           37    .text.HAL_UART_RxCpltCallback  main.o
    0x080012c4   0x080012c4   0x00000002   Code   RO          224    .text.HAL_UART_TxCpltCallback  stm32l0xx_hal_uart.o
    0x080012c6   0x080012c6   0x00000002   Code   RO           93    .text.HardFault_Handler  stm32l0xx_it.o
    0x080012c8   0x080012c8   0x00000010   Code   RO          103    .text.LPUART1_IRQHandler  stm32l0xx_it.o
    0x080012d8   0x080012d8   0x00000002   Code   RO           91    .text.NMI_Handler   stm32l0xx_it.o
    0x080012da   0x080012da   0x00000002   PAD
    0x080012dc   0x080012dc   0x00000040   Code   RO          812    .text.NVIC_SetPriority  stm32l0xx_hal_cortex.o
    0x0800131c   0x0800131c   0x00000778   Code   RO           21    .text.PERFORM_TASK  main.o
    0x08001a94   0x08001a94   0x00000090   Code   RO           53    .text.Pan           main.o
    0x08001b24   0x08001b24   0x00000002   Code   RO           97    .text.PendSV_Handler  stm32l0xx_it.o
    0x08001b26   0x08001b26   0x00000002   PAD
    0x08001b28   0x08001b28   0x000000a4   Code   RO           43    .text.Ramp          main.o
    0x08001bcc   0x08001bcc   0x00000002   Code   RO           95    .text.SVC_Handler   stm32l0xx_it.o
    0x08001bce   0x08001bce   0x00000002   PAD
    0x08001bd0   0x08001bd0   0x00000374   Code   RO           51    .text.Scan          main.o
    0x08001f44   0x08001f44   0x00000008   Code   RO           99    .text.SysTick_Handler  stm32l0xx_it.o
    0x08001f4c   0x08001f4c   0x00000074   Code   RO           13    .text.SystemClock_Config  main.o
    0x08001fc0   0x08001fc0   0x00000050   Code   RO         1089    .text.SystemInit    system_stm32l0xx.o
    0x08002010   0x08002010   0x00000054   Code   RO          851    .text.TIM_Base_SetConfig  stm32l0xx_hal_tim.o
    0x08002064   0x08002064   0x00000022   Code   RO         1031    .text.TIM_TI1_ConfigInputStage  stm32l0xx_hal_tim.o
    0x08002086   0x08002086   0x00000026   Code   RO         1033    .text.TIM_TI2_ConfigInputStage  stm32l0xx_hal_tim.o
    0x080020ac   0x080020ac   0x000000b8   Code   RO          138    .text.UART_AdvFeatureConfig  stm32l0xx_hal_uart.o
    0x08002164   0x08002164   0x00000060   Code   RO          140    .text.UART_CheckIdleState  stm32l0xx_hal_uart.o
    0x080021c4   0x080021c4   0x00000016   Code   RO          220    .text.UART_DMAAbortOnError  stm32l0xx_hal_uart.o
    0x080021da   0x080021da   0x0000001e   Code   RO          190    .text.UART_EndRxTransfer  stm32l0xx_hal_uart.o
    0x080021f8   0x080021f8   0x00000056   Code   RO          166    .text.UART_RxISR_16BIT  stm32l0xx_hal_uart.o
    0x0800224e   0x0800224e   0x0000005a   Code   RO          168    .text.UART_RxISR_8BIT  stm32l0xx_hal_uart.o
    0x080022a8   0x080022a8   0x000001cc   Code   RO          136    .text.UART_SetConfig  stm32l0xx_hal_uart.o
    0x08002474   0x08002474   0x00000058   Code   RO          154    .text.UART_WaitOnFlagUntilTimeout  stm32l0xx_hal_uart.o
    0x080024cc   0x080024cc   0x00000010   Code   RO          101    .text.USART2_IRQHandler  stm32l0xx_it.o
    0x080024dc   0x080024dc   0x0000074c   Code   RO           49    .text.call_operation  main.o
    0x08002c28   0x08002c28   0x00000298   Code   RO           27    .text.detectCommand  main.o
    0x08002ec0   0x08002ec0   0x00000028   Code   RO           17    .text.get_limits    main.o
    0x08002ee8   0x08002ee8   0x00000040   Code   RO           15    .text.get_presets   main.o
    0x08002f28   0x08002f28   0x00000018   Code   RO           57    .text.locking_eeprom  main.o
    0x08002f40   0x08002f40   0x000001c8   Code   RO           11    .text.main          main.o
    0x08003108   0x08003108   0x000002ac   Code   RO           19    .text.selfTest      main.o
    0x080033b4   0x080033b4   0x00000024   Code   RO           39    .text.setSpeed      main.o
    0x080033d8   0x080033d8   0x0000001c   Code   RO           41    .text.stepMotorNew  main.o
    0x080033f4   0x080033f4   0x000000e8   Code   RO           47    .text.stepsNew      main.o
    0x080034dc   0x080034dc   0x000001c0   Code   RO           45    .text.stepsNew_d    main.o
    0x0800369c   0x0800369c   0x00000024   Code   RO           55    .text.unlocking_eeprom  main.o
    0x080036c0   0x080036c0   0x0000004c   Code   RO           31    .text.update_limit  main.o
    0x0800370c   0x0800370c   0x0000004c   Code   RO           29    .text.update_preset  main.o
    0x08003758   0x08003758   0x0000000e   Code   RO         1138    i.__scatterload_copy  mc_p.l(handlers.o)
    0x08003766   0x08003766   0x00000002   Code   RO         1139    i.__scatterload_null  mc_p.l(handlers.o)
    0x08003768   0x08003768   0x0000000e   Code   RO         1140    i.__scatterload_zeroinit  mc_p.l(handlers.o)
    0x08003776   0x08003776   0x00000010   Data   RO         1094    .rodata.AHBPrescTable  system_stm32l0xx.o
    0x08003786   0x08003786   0x00000008   Data   RO         1095    .rodata.APBPrescTable  system_stm32l0xx.o
    0x0800378e   0x0800378e   0x00000009   Data   RO         1096    .rodata.PLLMulTable  system_stm32l0xx.o
    0x08003797   0x08003797   0x00000001   PAD
    0x08003798   0x08003798   0x00000020   Data   RO         1137    Region$$Table       anon$$obj.o


    Execution Region RW_IRAM1 (Exec base: 0x20000000, Load base: 0x080037b8, Size: 0x00000698, Max: 0x00000800, ABSOLUTE)

    Exec Addr    Load Addr    Size         Type   Attr      Idx    E Section Name        Object

    0x20000000   0x080037b8   0x00000008   Data   RW           80    .data..L_MergedGlobals  main.o
    0x20000008   0x080037c0   0x00000008   Data   RW          345    .data..L_MergedGlobals  stm32l0xx_hal.o
    0x20000010   0x080037c8   0x00000004   Data   RW         1093    .data.SystemCoreClock  system_stm32l0xx.o
    0x20000014   0x080037cc   0x00000004   Data   RW           72    .data.number_of_steps  main.o
    0x20000018        -       0x0000007c   Zero   RW           81    .bss..L_MergedGlobals.1  main.o
    0x20000094        -       0x00000080   Zero   RW           73    .bss.counter_main   main.o
    0x20000114        -       0x00000080   Zero   RW           74    .bss.counter_main_1  main.o
    0x20000194        -       0x00000080   Zero   RW           75    .bss.hlpuart1       main.o
    0x20000214        -       0x00000080   Zero   RW           76    .bss.huart2         main.o
    0x20000294        -       0x00000004   Zero   RW          344    .bss.uwTick         stm32l0xx_hal.o
    0x20000298        -       0x00000400   Zero   RW            1    STACK               startup_stm32l011xx.o


==============================================================================

Image component sizes


      Code (inc. data)   RO Data    RW Data    ZI Data      Debug   Object Name

      8104        394          0         12        636      21970   main.o
        88         38        192          0       1024        692   startup_stm32l011xx.o
       160          8          0          8          4       6647   stm32l0xx_hal.o
       144         24          0          0          0       5066   stm32l0xx_hal_cortex.o
        72          0          0          0          0       6708   stm32l0xx_hal_dma.o
       420         20          0          0          0       4956   stm32l0xx_hal_gpio.o
       204         16          0          0          0       6531   stm32l0xx_hal_msp.o
      1656         68          0          0          0       7687   stm32l0xx_hal_rcc.o
       340          4          0          0          0       4468   stm32l0xx_hal_rcc_ex.o
       516         12          0          0          0      35271   stm32l0xx_hal_tim.o
        58          0          0          0          0       3877   stm32l0xx_hal_tim_ex.o
      1734        106          0          0          0      20458   stm32l0xx_hal_uart.o
         2          0          0          0          0       5646   stm32l0xx_hal_uart_ex.o
        48          8          0          0          0        967   stm32l0xx_it.o
        80         16         33          4          0       2313   system_stm32l0xx.o

    ----------------------------------------------------------------------
     13636        714        258         24       1664     133257   Object Totals
         0          0         32          0          0          0   (incl. Generated)
        10          0          1          0          0          0   (incl. Padding)

    ----------------------------------------------------------------------

      Code (inc. data)   RO Data    RW Data    ZI Data      Debug   Library Member Name

         0          0          0          0          0          0   entry.o
         0          0          0          0          0          0   entry10a.o
         0          0          0          0          0          0   entry11a.o
         8          4          0          0          0          0   entry2.o
         4          0          0          0          0          0   entry5.o
         0          0          0          0          0          0   entry7b.o
         0          0          0          0          0          0   entry8b.o
         8          4          0          0          0          0   entry9a.o
        30          0          0          0          0          0   handlers.o
        40          0          0          0          0         72   idiv.o
        36          8          0          0          0         68   init.o
        32          0          0          0          0         68   llshl.o
        34          0          0          0          0         68   llushr.o
        36          0          0          0          0        100   memseta.o
        44          0          0          0          0         72   uidiv.o
        96          0          0          0          0         84   uldiv.o

    ----------------------------------------------------------------------
       370         16          0          0          0        532   Library Totals
         2          0          0          0          0          0   (incl. Padding)

    ----------------------------------------------------------------------

      Code (inc. data)   RO Data    RW Data    ZI Data      Debug   Library Name

       368         16          0          0          0        532   mc_p.l

    ----------------------------------------------------------------------
       370         16          0          0          0        532   Library Totals

    ----------------------------------------------------------------------

==============================================================================


      Code (inc. data)   RO Data    RW Data    ZI Data      Debug   

     14006        730        258         24       1664     133557   Grand Totals
     14006        730        258         24       1664     133557   ELF Image Totals
     14006        730        258         24          0          0   ROM Totals

==============================================================================

    Total RO  Size (Code + RO Data)                14264 (  13.93kB)
    Total RW  Size (RW Data + ZI Data)              1688 (   1.65kB)
    Total ROM Size (Code + RO Data + RW Data)      14288 (  13.95kB)

==============================================================================

